****************************************
Report : port
	-input_delay
Design : cardinal_node
Version: Y-2026.03
Date   : Fri Apr 17 17:29:17 2026
****************************************

Attributes:
    H - HyperScale context override


                    Input Delay
                  Min             Max       Related Related
 Input Port    Rise   Fall    Rise    Fall   Clock   Pin       Attrs
----------------------------------------------------------------------
clk           --      --      --      --      --      --        -- 
pedo[0]       0.50    0.50    0.50    0.50  CLK       --      
pedo[1]       0.50    0.50    0.50    0.50  CLK       --      
pedo[2]       0.50    0.50    0.50    0.50  CLK       --      
pedo[3]       0.50    0.50    0.50    0.50  CLK       --      
pedo[4]       0.50    0.50    0.50    0.50  CLK       --      
pedo[5]       0.50    0.50    0.50    0.50  CLK       --      
pedo[6]       0.50    0.50    0.50    0.50  CLK       --      
pedo[7]       0.50    0.50    0.50    0.50  CLK       --      
pedo[8]       0.50    0.50    0.50    0.50  CLK       --      
pedo[9]       0.50    0.50    0.50    0.50  CLK       --      
pedo[10]      0.50    0.50    0.50    0.50  CLK       --      
pedo[11]      0.50    0.50    0.50    0.50  CLK       --      
pedo[12]      0.50    0.50    0.50    0.50  CLK       --      
pedo[13]      0.50    0.50    0.50    0.50  CLK       --      
pedo[14]      0.50    0.50    0.50    0.50  CLK       --      
pedo[15]      0.50    0.50    0.50    0.50  CLK       --      
pedo[16]      0.50    0.50    0.50    0.50  CLK       --      
pedo[17]      0.50    0.50    0.50    0.50  CLK       --      
pedo[18]      0.50    0.50    0.50    0.50  CLK       --      
pedo[19]      0.50    0.50    0.50    0.50  CLK       --      
pedo[20]      0.50    0.50    0.50    0.50  CLK       --      
pedo[21]      0.50    0.50    0.50    0.50  CLK       --      
pedo[22]      0.50    0.50    0.50    0.50  CLK       --      
pedo[23]      0.50    0.50    0.50    0.50  CLK       --      
pedo[24]      0.50    0.50    0.50    0.50  CLK       --      
pedo[25]      0.50    0.50    0.50    0.50  CLK       --      
pedo[26]      0.50    0.50    0.50    0.50  CLK       --      
pedo[27]      0.50    0.50    0.50    0.50  CLK       --      
pedo[28]      0.50    0.50    0.50    0.50  CLK       --      
pedo[29]      0.50    0.50    0.50    0.50  CLK       --      
pedo[30]      0.50    0.50    0.50    0.50  CLK       --      
pedo[31]      0.50    0.50    0.50    0.50  CLK       --      
pedo[32]      0.50    0.50    0.50    0.50  CLK       --      
pedo[33]      0.50    0.50    0.50    0.50  CLK       --      
pedo[34]      0.50    0.50    0.50    0.50  CLK       --      
pedo[35]      0.50    0.50    0.50    0.50  CLK       --      
pedo[36]      0.50    0.50    0.50    0.50  CLK       --      
pedo[37]      0.50    0.50    0.50    0.50  CLK       --      
pedo[38]      0.50    0.50    0.50    0.50  CLK       --      
pedo[39]      0.50    0.50    0.50    0.50  CLK       --      
pedo[40]      0.50    0.50    0.50    0.50  CLK       --      
pedo[41]      0.50    0.50    0.50    0.50  CLK       --      
pedo[42]      0.50    0.50    0.50    0.50  CLK       --      
pedo[43]      0.50    0.50    0.50    0.50  CLK       --      
pedo[44]      0.50    0.50    0.50    0.50  CLK       --      
pedo[45]      0.50    0.50    0.50    0.50  CLK       --      
pedo[46]      0.50    0.50    0.50    0.50  CLK       --      
pedo[47]      0.50    0.50    0.50    0.50  CLK       --      
pedo[48]      0.50    0.50    0.50    0.50  CLK       --      
pedo[49]      0.50    0.50    0.50    0.50  CLK       --      
pedo[50]      0.50    0.50    0.50    0.50  CLK       --      
pedo[51]      0.50    0.50    0.50    0.50  CLK       --      
pedo[52]      0.50    0.50    0.50    0.50  CLK       --      
pedo[53]      0.50    0.50    0.50    0.50  CLK       --      
pedo[54]      0.50    0.50    0.50    0.50  CLK       --      
pedo[55]      0.50    0.50    0.50    0.50  CLK       --      
pedo[56]      0.50    0.50    0.50    0.50  CLK       --      
pedo[57]      0.50    0.50    0.50    0.50  CLK       --      
pedo[58]      0.50    0.50    0.50    0.50  CLK       --      
pedo[59]      0.50    0.50    0.50    0.50  CLK       --      
pedo[60]      0.50    0.50    0.50    0.50  CLK       --      
pedo[61]      0.50    0.50    0.50    0.50  CLK       --      
pedo[62]      0.50    0.50    0.50    0.50  CLK       --      
pedo[63]      0.50    0.50    0.50    0.50  CLK       --      
peri          0.50    0.50    0.50    0.50  CLK       --      
peso          0.50    0.50    0.50    0.50  CLK       --      
polarity      0.50    0.50    0.50    0.50  CLK       --      
reset         0.50    0.50    0.50    0.50  CLK       --      

1
