****************************************
Report : port
	-output_delay
Design : cardinal_node
Version: Y-2026.03
Date   : Fri Apr 17 17:29:17 2026
****************************************

Attributes:
    H - HyperScale context override


                   Output Delay
                  Min             Max       Related Related
 Output Port    Rise   Fall   Rise    Fall   Clock   Pin      Attrs
----------------------------------------------------------------------
pedi[0]       0.50    0.50    0.50    0.50  CLK       --      
pedi[1]       0.50    0.50    0.50    0.50  CLK       --      
pedi[2]       0.50    0.50    0.50    0.50  CLK       --      
pedi[3]       0.50    0.50    0.50    0.50  CLK       --      
pedi[4]       0.50    0.50    0.50    0.50  CLK       --      
pedi[5]       0.50    0.50    0.50    0.50  CLK       --      
pedi[6]       0.50    0.50    0.50    0.50  CLK       --      
pedi[7]       0.50    0.50    0.50    0.50  CLK       --      
pedi[8]       0.50    0.50    0.50    0.50  CLK       --      
pedi[9]       0.50    0.50    0.50    0.50  CLK       --      
pedi[10]      0.50    0.50    0.50    0.50  CLK       --      
pedi[11]      0.50    0.50    0.50    0.50  CLK       --      
pedi[12]      0.50    0.50    0.50    0.50  CLK       --      
pedi[13]      0.50    0.50    0.50    0.50  CLK       --      
pedi[14]      0.50    0.50    0.50    0.50  CLK       --      
pedi[15]      0.50    0.50    0.50    0.50  CLK       --      
pedi[16]      0.50    0.50    0.50    0.50  CLK       --      
pedi[17]      0.50    0.50    0.50    0.50  CLK       --      
pedi[18]      0.50    0.50    0.50    0.50  CLK       --      
pedi[19]      0.50    0.50    0.50    0.50  CLK       --      
pedi[20]      0.50    0.50    0.50    0.50  CLK       --      
pedi[21]      0.50    0.50    0.50    0.50  CLK       --      
pedi[22]      0.50    0.50    0.50    0.50  CLK       --      
pedi[23]      0.50    0.50    0.50    0.50  CLK       --      
pedi[24]      0.50    0.50    0.50    0.50  CLK       --      
pedi[25]      0.50    0.50    0.50    0.50  CLK       --      
pedi[26]      0.50    0.50    0.50    0.50  CLK       --      
pedi[27]      0.50    0.50    0.50    0.50  CLK       --      
pedi[28]      0.50    0.50    0.50    0.50  CLK       --      
pedi[29]      0.50    0.50    0.50    0.50  CLK       --      
pedi[30]      0.50    0.50    0.50    0.50  CLK       --      
pedi[31]      0.50    0.50    0.50    0.50  CLK       --      
pedi[32]      0.50    0.50    0.50    0.50  CLK       --      
pedi[33]      0.50    0.50    0.50    0.50  CLK       --      
pedi[34]      0.50    0.50    0.50    0.50  CLK       --      
pedi[35]      0.50    0.50    0.50    0.50  CLK       --      
pedi[36]      0.50    0.50    0.50    0.50  CLK       --      
pedi[37]      0.50    0.50    0.50    0.50  CLK       --      
pedi[38]      0.50    0.50    0.50    0.50  CLK       --      
pedi[39]      0.50    0.50    0.50    0.50  CLK       --      
pedi[40]      0.50    0.50    0.50    0.50  CLK       --      
pedi[41]      0.50    0.50    0.50    0.50  CLK       --      
pedi[42]      0.50    0.50    0.50    0.50  CLK       --      
pedi[43]      0.50    0.50    0.50    0.50  CLK       --      
pedi[44]      0.50    0.50    0.50    0.50  CLK       --      
pedi[45]      0.50    0.50    0.50    0.50  CLK       --      
pedi[46]      0.50    0.50    0.50    0.50  CLK       --      
pedi[47]      0.50    0.50    0.50    0.50  CLK       --      
pedi[48]      0.50    0.50    0.50    0.50  CLK       --      
pedi[49]      0.50    0.50    0.50    0.50  CLK       --      
pedi[50]      0.50    0.50    0.50    0.50  CLK       --      
pedi[51]      0.50    0.50    0.50    0.50  CLK       --      
pedi[52]      0.50    0.50    0.50    0.50  CLK       --      
pedi[53]      0.50    0.50    0.50    0.50  CLK       --      
pedi[54]      0.50    0.50    0.50    0.50  CLK       --      
pedi[55]      0.50    0.50    0.50    0.50  CLK       --      
pedi[56]      0.50    0.50    0.50    0.50  CLK       --      
pedi[57]      0.50    0.50    0.50    0.50  CLK       --      
pedi[58]      0.50    0.50    0.50    0.50  CLK       --      
pedi[59]      0.50    0.50    0.50    0.50  CLK       --      
pedi[60]      0.50    0.50    0.50    0.50  CLK       --      
pedi[61]      0.50    0.50    0.50    0.50  CLK       --      
pedi[62]      0.50    0.50    0.50    0.50  CLK       --      
pedi[63]      0.50    0.50    0.50    0.50  CLK       --      
pero          0.50    0.50    0.50    0.50  CLK       --      
pesi          0.50    0.50    0.50    0.50  CLK       --      

1
