****************************************
Report : port
	-output_delay
Design : gold_router
Version: Y-2026.03
Date   : Thu Apr 16 21:02:10 2026
****************************************

Attributes:
    H - HyperScale context override


                   Output Delay
                  Min             Max       Related Related
 Output Port    Rise   Fall   Rise    Fall   Clock   Pin      Attrs
----------------------------------------------------------------------
edo[0]        0.50    0.50    0.50    0.50  clk       --      
edo[1]        0.50    0.50    0.50    0.50  clk       --      
edo[2]        0.50    0.50    0.50    0.50  clk       --      
edo[3]        0.50    0.50    0.50    0.50  clk       --      
edo[4]        0.50    0.50    0.50    0.50  clk       --      
edo[5]        0.50    0.50    0.50    0.50  clk       --      
edo[6]        0.50    0.50    0.50    0.50  clk       --      
edo[7]        0.50    0.50    0.50    0.50  clk       --      
edo[8]        0.50    0.50    0.50    0.50  clk       --      
edo[9]        0.50    0.50    0.50    0.50  clk       --      
edo[10]       0.50    0.50    0.50    0.50  clk       --      
edo[11]       0.50    0.50    0.50    0.50  clk       --      
edo[12]       0.50    0.50    0.50    0.50  clk       --      
edo[13]       0.50    0.50    0.50    0.50  clk       --      
edo[14]       0.50    0.50    0.50    0.50  clk       --      
edo[15]       0.50    0.50    0.50    0.50  clk       --      
edo[16]       0.50    0.50    0.50    0.50  clk       --      
edo[17]       0.50    0.50    0.50    0.50  clk       --      
edo[18]       0.50    0.50    0.50    0.50  clk       --      
edo[19]       0.50    0.50    0.50    0.50  clk       --      
edo[20]       0.50    0.50    0.50    0.50  clk       --      
edo[21]       0.50    0.50    0.50    0.50  clk       --      
edo[22]       0.50    0.50    0.50    0.50  clk       --      
edo[23]       0.50    0.50    0.50    0.50  clk       --      
edo[24]       0.50    0.50    0.50    0.50  clk       --      
edo[25]       0.50    0.50    0.50    0.50  clk       --      
edo[26]       0.50    0.50    0.50    0.50  clk       --      
edo[27]       0.50    0.50    0.50    0.50  clk       --      
edo[28]       0.50    0.50    0.50    0.50  clk       --      
edo[29]       0.50    0.50    0.50    0.50  clk       --      
edo[30]       0.50    0.50    0.50    0.50  clk       --      
edo[31]       0.50    0.50    0.50    0.50  clk       --      
edo[32]       0.50    0.50    0.50    0.50  clk       --      
edo[33]       0.50    0.50    0.50    0.50  clk       --      
edo[34]       0.50    0.50    0.50    0.50  clk       --      
edo[35]       0.50    0.50    0.50    0.50  clk       --      
edo[36]       0.50    0.50    0.50    0.50  clk       --      
edo[37]       0.50    0.50    0.50    0.50  clk       --      
edo[38]       0.50    0.50    0.50    0.50  clk       --      
edo[39]       0.50    0.50    0.50    0.50  clk       --      
edo[40]       0.50    0.50    0.50    0.50  clk       --      
edo[41]       0.50    0.50    0.50    0.50  clk       --      
edo[42]       0.50    0.50    0.50    0.50  clk       --      
edo[43]       0.50    0.50    0.50    0.50  clk       --      
edo[44]       0.50    0.50    0.50    0.50  clk       --      
edo[45]       0.50    0.50    0.50    0.50  clk       --      
edo[46]       0.50    0.50    0.50    0.50  clk       --      
edo[47]       0.50    0.50    0.50    0.50  clk       --      
edo[48]       0.50    0.50    0.50    0.50  clk       --      
edo[49]       0.50    0.50    0.50    0.50  clk       --      
edo[50]       0.50    0.50    0.50    0.50  clk       --      
edo[51]       0.50    0.50    0.50    0.50  clk       --      
edo[52]       0.50    0.50    0.50    0.50  clk       --      
edo[53]       0.50    0.50    0.50    0.50  clk       --      
edo[54]       0.50    0.50    0.50    0.50  clk       --      
edo[55]       0.50    0.50    0.50    0.50  clk       --      
edo[56]       0.50    0.50    0.50    0.50  clk       --      
edo[57]       0.50    0.50    0.50    0.50  clk       --      
edo[58]       0.50    0.50    0.50    0.50  clk       --      
edo[59]       0.50    0.50    0.50    0.50  clk       --      
edo[60]       0.50    0.50    0.50    0.50  clk       --      
edo[61]       0.50    0.50    0.50    0.50  clk       --      
edo[62]       0.50    0.50    0.50    0.50  clk       --      
edo[63]       0.50    0.50    0.50    0.50  clk       --      
eri           0.50    0.50    0.50    0.50  clk       --      
eso           0.50    0.50    0.50    0.50  clk       --      
ndo[0]        0.50    0.50    0.50    0.50  clk       --      
ndo[1]        0.50    0.50    0.50    0.50  clk       --      
ndo[2]        0.50    0.50    0.50    0.50  clk       --      
ndo[3]        0.50    0.50    0.50    0.50  clk       --      
ndo[4]        0.50    0.50    0.50    0.50  clk       --      
ndo[5]        0.50    0.50    0.50    0.50  clk       --      
ndo[6]        0.50    0.50    0.50    0.50  clk       --      
ndo[7]        0.50    0.50    0.50    0.50  clk       --      
ndo[8]        0.50    0.50    0.50    0.50  clk       --      
ndo[9]        0.50    0.50    0.50    0.50  clk       --      
ndo[10]       0.50    0.50    0.50    0.50  clk       --      
ndo[11]       0.50    0.50    0.50    0.50  clk       --      
ndo[12]       0.50    0.50    0.50    0.50  clk       --      
ndo[13]       0.50    0.50    0.50    0.50  clk       --      
ndo[14]       0.50    0.50    0.50    0.50  clk       --      
ndo[15]       0.50    0.50    0.50    0.50  clk       --      
ndo[16]       0.50    0.50    0.50    0.50  clk       --      
ndo[17]       0.50    0.50    0.50    0.50  clk       --      
ndo[18]       0.50    0.50    0.50    0.50  clk       --      
ndo[19]       0.50    0.50    0.50    0.50  clk       --      
ndo[20]       0.50    0.50    0.50    0.50  clk       --      
ndo[21]       0.50    0.50    0.50    0.50  clk       --      
ndo[22]       0.50    0.50    0.50    0.50  clk       --      
ndo[23]       0.50    0.50    0.50    0.50  clk       --      
ndo[24]       0.50    0.50    0.50    0.50  clk       --      
ndo[25]       0.50    0.50    0.50    0.50  clk       --      
ndo[26]       0.50    0.50    0.50    0.50  clk       --      
ndo[27]       0.50    0.50    0.50    0.50  clk       --      
ndo[28]       0.50    0.50    0.50    0.50  clk       --      
ndo[29]       0.50    0.50    0.50    0.50  clk       --      
ndo[30]       0.50    0.50    0.50    0.50  clk       --      
ndo[31]       0.50    0.50    0.50    0.50  clk       --      
ndo[32]       0.50    0.50    0.50    0.50  clk       --      
ndo[33]       0.50    0.50    0.50    0.50  clk       --      
ndo[34]       0.50    0.50    0.50    0.50  clk       --      
ndo[35]       0.50    0.50    0.50    0.50  clk       --      
ndo[36]       0.50    0.50    0.50    0.50  clk       --      
ndo[37]       0.50    0.50    0.50    0.50  clk       --      
ndo[38]       0.50    0.50    0.50    0.50  clk       --      
ndo[39]       0.50    0.50    0.50    0.50  clk       --      
ndo[40]       0.50    0.50    0.50    0.50  clk       --      
ndo[41]       0.50    0.50    0.50    0.50  clk       --      
ndo[42]       0.50    0.50    0.50    0.50  clk       --      
ndo[43]       0.50    0.50    0.50    0.50  clk       --      
ndo[44]       0.50    0.50    0.50    0.50  clk       --      
ndo[45]       0.50    0.50    0.50    0.50  clk       --      
ndo[46]       0.50    0.50    0.50    0.50  clk       --      
ndo[47]       0.50    0.50    0.50    0.50  clk       --      
ndo[48]       0.50    0.50    0.50    0.50  clk       --      
ndo[49]       0.50    0.50    0.50    0.50  clk       --      
ndo[50]       0.50    0.50    0.50    0.50  clk       --      
ndo[51]       0.50    0.50    0.50    0.50  clk       --      
ndo[52]       0.50    0.50    0.50    0.50  clk       --      
ndo[53]       0.50    0.50    0.50    0.50  clk       --      
ndo[54]       0.50    0.50    0.50    0.50  clk       --      
ndo[55]       0.50    0.50    0.50    0.50  clk       --      
ndo[56]       0.50    0.50    0.50    0.50  clk       --      
ndo[57]       0.50    0.50    0.50    0.50  clk       --      
ndo[58]       0.50    0.50    0.50    0.50  clk       --      
ndo[59]       0.50    0.50    0.50    0.50  clk       --      
ndo[60]       0.50    0.50    0.50    0.50  clk       --      
ndo[61]       0.50    0.50    0.50    0.50  clk       --      
ndo[62]       0.50    0.50    0.50    0.50  clk       --      
ndo[63]       0.50    0.50    0.50    0.50  clk       --      
nri           0.50    0.50    0.50    0.50  clk       --      
nso           0.50    0.50    0.50    0.50  clk       --      
pedo[0]       0.50    0.50    0.50    0.50  clk       --      
pedo[1]       0.50    0.50    0.50    0.50  clk       --      
pedo[2]       0.50    0.50    0.50    0.50  clk       --      
pedo[3]       0.50    0.50    0.50    0.50  clk       --      
pedo[4]       0.50    0.50    0.50    0.50  clk       --      
pedo[5]       0.50    0.50    0.50    0.50  clk       --      
pedo[6]       0.50    0.50    0.50    0.50  clk       --      
pedo[7]       0.50    0.50    0.50    0.50  clk       --      
pedo[8]       0.50    0.50    0.50    0.50  clk       --      
pedo[9]       0.50    0.50    0.50    0.50  clk       --      
pedo[10]      0.50    0.50    0.50    0.50  clk       --      
pedo[11]      0.50    0.50    0.50    0.50  clk       --      
pedo[12]      0.50    0.50    0.50    0.50  clk       --      
pedo[13]      0.50    0.50    0.50    0.50  clk       --      
pedo[14]      0.50    0.50    0.50    0.50  clk       --      
pedo[15]      0.50    0.50    0.50    0.50  clk       --      
pedo[16]      0.50    0.50    0.50    0.50  clk       --      
pedo[17]      0.50    0.50    0.50    0.50  clk       --      
pedo[18]      0.50    0.50    0.50    0.50  clk       --      
pedo[19]      0.50    0.50    0.50    0.50  clk       --      
pedo[20]      0.50    0.50    0.50    0.50  clk       --      
pedo[21]      0.50    0.50    0.50    0.50  clk       --      
pedo[22]      0.50    0.50    0.50    0.50  clk       --      
pedo[23]      0.50    0.50    0.50    0.50  clk       --      
pedo[24]      0.50    0.50    0.50    0.50  clk       --      
pedo[25]      0.50    0.50    0.50    0.50  clk       --      
pedo[26]      0.50    0.50    0.50    0.50  clk       --      
pedo[27]      0.50    0.50    0.50    0.50  clk       --      
pedo[28]      0.50    0.50    0.50    0.50  clk       --      
pedo[29]      0.50    0.50    0.50    0.50  clk       --      
pedo[30]      0.50    0.50    0.50    0.50  clk       --      
pedo[31]      0.50    0.50    0.50    0.50  clk       --      
pedo[32]      0.50    0.50    0.50    0.50  clk       --      
pedo[33]      0.50    0.50    0.50    0.50  clk       --      
pedo[34]      0.50    0.50    0.50    0.50  clk       --      
pedo[35]      0.50    0.50    0.50    0.50  clk       --      
pedo[36]      0.50    0.50    0.50    0.50  clk       --      
pedo[37]      0.50    0.50    0.50    0.50  clk       --      
pedo[38]      0.50    0.50    0.50    0.50  clk       --      
pedo[39]      0.50    0.50    0.50    0.50  clk       --      
pedo[40]      0.50    0.50    0.50    0.50  clk       --      
pedo[41]      0.50    0.50    0.50    0.50  clk       --      
pedo[42]      0.50    0.50    0.50    0.50  clk       --      
pedo[43]      0.50    0.50    0.50    0.50  clk       --      
pedo[44]      0.50    0.50    0.50    0.50  clk       --      
pedo[45]      0.50    0.50    0.50    0.50  clk       --      
pedo[46]      0.50    0.50    0.50    0.50  clk       --      
pedo[47]      0.50    0.50    0.50    0.50  clk       --      
pedo[48]      0.50    0.50    0.50    0.50  clk       --      
pedo[49]      0.50    0.50    0.50    0.50  clk       --      
pedo[50]      0.50    0.50    0.50    0.50  clk       --      
pedo[51]      0.50    0.50    0.50    0.50  clk       --      
pedo[52]      0.50    0.50    0.50    0.50  clk       --      
pedo[53]      0.50    0.50    0.50    0.50  clk       --      
pedo[54]      0.50    0.50    0.50    0.50  clk       --      
pedo[55]      0.50    0.50    0.50    0.50  clk       --      
pedo[56]      0.50    0.50    0.50    0.50  clk       --      
pedo[57]      0.50    0.50    0.50    0.50  clk       --      
pedo[58]      0.50    0.50    0.50    0.50  clk       --      
pedo[59]      0.50    0.50    0.50    0.50  clk       --      
pedo[60]      0.50    0.50    0.50    0.50  clk       --      
pedo[61]      0.50    0.50    0.50    0.50  clk       --      
pedo[62]      0.50    0.50    0.50    0.50  clk       --      
pedo[63]      0.50    0.50    0.50    0.50  clk       --      
peri          0.50    0.50    0.50    0.50  clk       --      
peso          0.50    0.50    0.50    0.50  clk       --      
polarity      0.50    0.50    0.50    0.50  clk       --      
sdo[0]        0.50    0.50    0.50    0.50  clk       --      
sdo[1]        0.50    0.50    0.50    0.50  clk       --      
sdo[2]        0.50    0.50    0.50    0.50  clk       --      
sdo[3]        0.50    0.50    0.50    0.50  clk       --      
sdo[4]        0.50    0.50    0.50    0.50  clk       --      
sdo[5]        0.50    0.50    0.50    0.50  clk       --      
sdo[6]        0.50    0.50    0.50    0.50  clk       --      
sdo[7]        0.50    0.50    0.50    0.50  clk       --      
sdo[8]        0.50    0.50    0.50    0.50  clk       --      
sdo[9]        0.50    0.50    0.50    0.50  clk       --      
sdo[10]       0.50    0.50    0.50    0.50  clk       --      
sdo[11]       0.50    0.50    0.50    0.50  clk       --      
sdo[12]       0.50    0.50    0.50    0.50  clk       --      
sdo[13]       0.50    0.50    0.50    0.50  clk       --      
sdo[14]       0.50    0.50    0.50    0.50  clk       --      
sdo[15]       0.50    0.50    0.50    0.50  clk       --      
sdo[16]       0.50    0.50    0.50    0.50  clk       --      
sdo[17]       0.50    0.50    0.50    0.50  clk       --      
sdo[18]       0.50    0.50    0.50    0.50  clk       --      
sdo[19]       0.50    0.50    0.50    0.50  clk       --      
sdo[20]       0.50    0.50    0.50    0.50  clk       --      
sdo[21]       0.50    0.50    0.50    0.50  clk       --      
sdo[22]       0.50    0.50    0.50    0.50  clk       --      
sdo[23]       0.50    0.50    0.50    0.50  clk       --      
sdo[24]       0.50    0.50    0.50    0.50  clk       --      
sdo[25]       0.50    0.50    0.50    0.50  clk       --      
sdo[26]       0.50    0.50    0.50    0.50  clk       --      
sdo[27]       0.50    0.50    0.50    0.50  clk       --      
sdo[28]       0.50    0.50    0.50    0.50  clk       --      
sdo[29]       0.50    0.50    0.50    0.50  clk       --      
sdo[30]       0.50    0.50    0.50    0.50  clk       --      
sdo[31]       0.50    0.50    0.50    0.50  clk       --      
sdo[32]       0.50    0.50    0.50    0.50  clk       --      
sdo[33]       0.50    0.50    0.50    0.50  clk       --      
sdo[34]       0.50    0.50    0.50    0.50  clk       --      
sdo[35]       0.50    0.50    0.50    0.50  clk       --      
sdo[36]       0.50    0.50    0.50    0.50  clk       --      
sdo[37]       0.50    0.50    0.50    0.50  clk       --      
sdo[38]       0.50    0.50    0.50    0.50  clk       --      
sdo[39]       0.50    0.50    0.50    0.50  clk       --      
sdo[40]       0.50    0.50    0.50    0.50  clk       --      
sdo[41]       0.50    0.50    0.50    0.50  clk       --      
sdo[42]       0.50    0.50    0.50    0.50  clk       --      
sdo[43]       0.50    0.50    0.50    0.50  clk       --      
sdo[44]       0.50    0.50    0.50    0.50  clk       --      
sdo[45]       0.50    0.50    0.50    0.50  clk       --      
sdo[46]       0.50    0.50    0.50    0.50  clk       --      
sdo[47]       0.50    0.50    0.50    0.50  clk       --      
sdo[48]       0.50    0.50    0.50    0.50  clk       --      
sdo[49]       0.50    0.50    0.50    0.50  clk       --      
sdo[50]       0.50    0.50    0.50    0.50  clk       --      
sdo[51]       0.50    0.50    0.50    0.50  clk       --      
sdo[52]       0.50    0.50    0.50    0.50  clk       --      
sdo[53]       0.50    0.50    0.50    0.50  clk       --      
sdo[54]       0.50    0.50    0.50    0.50  clk       --      
sdo[55]       0.50    0.50    0.50    0.50  clk       --      
sdo[56]       0.50    0.50    0.50    0.50  clk       --      
sdo[57]       0.50    0.50    0.50    0.50  clk       --      
sdo[58]       0.50    0.50    0.50    0.50  clk       --      
sdo[59]       0.50    0.50    0.50    0.50  clk       --      
sdo[60]       0.50    0.50    0.50    0.50  clk       --      
sdo[61]       0.50    0.50    0.50    0.50  clk       --      
sdo[62]       0.50    0.50    0.50    0.50  clk       --      
sdo[63]       0.50    0.50    0.50    0.50  clk       --      
sri           0.50    0.50    0.50    0.50  clk       --      
sso           0.50    0.50    0.50    0.50  clk       --      
wdo[0]        0.50    0.50    0.50    0.50  clk       --      
wdo[1]        0.50    0.50    0.50    0.50  clk       --      
wdo[2]        0.50    0.50    0.50    0.50  clk       --      
wdo[3]        0.50    0.50    0.50    0.50  clk       --      
wdo[4]        0.50    0.50    0.50    0.50  clk       --      
wdo[5]        0.50    0.50    0.50    0.50  clk       --      
wdo[6]        0.50    0.50    0.50    0.50  clk       --      
wdo[7]        0.50    0.50    0.50    0.50  clk       --      
wdo[8]        0.50    0.50    0.50    0.50  clk       --      
wdo[9]        0.50    0.50    0.50    0.50  clk       --      
wdo[10]       0.50    0.50    0.50    0.50  clk       --      
wdo[11]       0.50    0.50    0.50    0.50  clk       --      
wdo[12]       0.50    0.50    0.50    0.50  clk       --      
wdo[13]       0.50    0.50    0.50    0.50  clk       --      
wdo[14]       0.50    0.50    0.50    0.50  clk       --      
wdo[15]       0.50    0.50    0.50    0.50  clk       --      
wdo[16]       0.50    0.50    0.50    0.50  clk       --      
wdo[17]       0.50    0.50    0.50    0.50  clk       --      
wdo[18]       0.50    0.50    0.50    0.50  clk       --      
wdo[19]       0.50    0.50    0.50    0.50  clk       --      
wdo[20]       0.50    0.50    0.50    0.50  clk       --      
wdo[21]       0.50    0.50    0.50    0.50  clk       --      
wdo[22]       0.50    0.50    0.50    0.50  clk       --      
wdo[23]       0.50    0.50    0.50    0.50  clk       --      
wdo[24]       0.50    0.50    0.50    0.50  clk       --      
wdo[25]       0.50    0.50    0.50    0.50  clk       --      
wdo[26]       0.50    0.50    0.50    0.50  clk       --      
wdo[27]       0.50    0.50    0.50    0.50  clk       --      
wdo[28]       0.50    0.50    0.50    0.50  clk       --      
wdo[29]       0.50    0.50    0.50    0.50  clk       --      
wdo[30]       0.50    0.50    0.50    0.50  clk       --      
wdo[31]       0.50    0.50    0.50    0.50  clk       --      
wdo[32]       0.50    0.50    0.50    0.50  clk       --      
wdo[33]       0.50    0.50    0.50    0.50  clk       --      
wdo[34]       0.50    0.50    0.50    0.50  clk       --      
wdo[35]       0.50    0.50    0.50    0.50  clk       --      
wdo[36]       0.50    0.50    0.50    0.50  clk       --      
wdo[37]       0.50    0.50    0.50    0.50  clk       --      
wdo[38]       0.50    0.50    0.50    0.50  clk       --      
wdo[39]       0.50    0.50    0.50    0.50  clk       --      
wdo[40]       0.50    0.50    0.50    0.50  clk       --      
wdo[41]       0.50    0.50    0.50    0.50  clk       --      
wdo[42]       0.50    0.50    0.50    0.50  clk       --      
wdo[43]       0.50    0.50    0.50    0.50  clk       --      
wdo[44]       0.50    0.50    0.50    0.50  clk       --      
wdo[45]       0.50    0.50    0.50    0.50  clk       --      
wdo[46]       0.50    0.50    0.50    0.50  clk       --      
wdo[47]       0.50    0.50    0.50    0.50  clk       --      
wdo[48]       0.50    0.50    0.50    0.50  clk       --      
wdo[49]       0.50    0.50    0.50    0.50  clk       --      
wdo[50]       0.50    0.50    0.50    0.50  clk       --      
wdo[51]       0.50    0.50    0.50    0.50  clk       --      
wdo[52]       0.50    0.50    0.50    0.50  clk       --      
wdo[53]       0.50    0.50    0.50    0.50  clk       --      
wdo[54]       0.50    0.50    0.50    0.50  clk       --      
wdo[55]       0.50    0.50    0.50    0.50  clk       --      
wdo[56]       0.50    0.50    0.50    0.50  clk       --      
wdo[57]       0.50    0.50    0.50    0.50  clk       --      
wdo[58]       0.50    0.50    0.50    0.50  clk       --      
wdo[59]       0.50    0.50    0.50    0.50  clk       --      
wdo[60]       0.50    0.50    0.50    0.50  clk       --      
wdo[61]       0.50    0.50    0.50    0.50  clk       --      
wdo[62]       0.50    0.50    0.50    0.50  clk       --      
wdo[63]       0.50    0.50    0.50    0.50  clk       --      
wri           0.50    0.50    0.50    0.50  clk       --      
wso           0.50    0.50    0.50    0.50  clk       --      

1
