****************************************
Report : port
	-input_delay
Design : gold_router
Version: Y-2026.03
Date   : Thu Apr 16 21:02:10 2026
****************************************

Attributes:
    H - HyperScale context override


                    Input Delay
                  Min             Max       Related Related
 Input Port    Rise   Fall    Rise    Fall   Clock   Pin       Attrs
----------------------------------------------------------------------
clk           --      --      --      --      --      --        -- 
edi[0]        0.50    0.50    0.50    0.50  clk       --      
edi[1]        0.50    0.50    0.50    0.50  clk       --      
edi[2]        0.50    0.50    0.50    0.50  clk       --      
edi[3]        0.50    0.50    0.50    0.50  clk       --      
edi[4]        0.50    0.50    0.50    0.50  clk       --      
edi[5]        0.50    0.50    0.50    0.50  clk       --      
edi[6]        0.50    0.50    0.50    0.50  clk       --      
edi[7]        0.50    0.50    0.50    0.50  clk       --      
edi[8]        0.50    0.50    0.50    0.50  clk       --      
edi[9]        0.50    0.50    0.50    0.50  clk       --      
edi[10]       0.50    0.50    0.50    0.50  clk       --      
edi[11]       0.50    0.50    0.50    0.50  clk       --      
edi[12]       0.50    0.50    0.50    0.50  clk       --      
edi[13]       0.50    0.50    0.50    0.50  clk       --      
edi[14]       0.50    0.50    0.50    0.50  clk       --      
edi[15]       0.50    0.50    0.50    0.50  clk       --      
edi[16]       0.50    0.50    0.50    0.50  clk       --      
edi[17]       0.50    0.50    0.50    0.50  clk       --      
edi[18]       0.50    0.50    0.50    0.50  clk       --      
edi[19]       0.50    0.50    0.50    0.50  clk       --      
edi[20]       0.50    0.50    0.50    0.50  clk       --      
edi[21]       0.50    0.50    0.50    0.50  clk       --      
edi[22]       0.50    0.50    0.50    0.50  clk       --      
edi[23]       0.50    0.50    0.50    0.50  clk       --      
edi[24]       0.50    0.50    0.50    0.50  clk       --      
edi[25]       0.50    0.50    0.50    0.50  clk       --      
edi[26]       0.50    0.50    0.50    0.50  clk       --      
edi[27]       0.50    0.50    0.50    0.50  clk       --      
edi[28]       0.50    0.50    0.50    0.50  clk       --      
edi[29]       0.50    0.50    0.50    0.50  clk       --      
edi[30]       0.50    0.50    0.50    0.50  clk       --      
edi[31]       0.50    0.50    0.50    0.50  clk       --      
edi[32]       0.50    0.50    0.50    0.50  clk       --      
edi[33]       0.50    0.50    0.50    0.50  clk       --      
edi[34]       0.50    0.50    0.50    0.50  clk       --      
edi[35]       0.50    0.50    0.50    0.50  clk       --      
edi[36]       0.50    0.50    0.50    0.50  clk       --      
edi[37]       0.50    0.50    0.50    0.50  clk       --      
edi[38]       0.50    0.50    0.50    0.50  clk       --      
edi[39]       0.50    0.50    0.50    0.50  clk       --      
edi[40]       0.50    0.50    0.50    0.50  clk       --      
edi[41]       0.50    0.50    0.50    0.50  clk       --      
edi[42]       0.50    0.50    0.50    0.50  clk       --      
edi[43]       0.50    0.50    0.50    0.50  clk       --      
edi[44]       0.50    0.50    0.50    0.50  clk       --      
edi[45]       0.50    0.50    0.50    0.50  clk       --      
edi[46]       0.50    0.50    0.50    0.50  clk       --      
edi[47]       0.50    0.50    0.50    0.50  clk       --      
edi[48]       0.50    0.50    0.50    0.50  clk       --      
edi[49]       0.50    0.50    0.50    0.50  clk       --      
edi[50]       0.50    0.50    0.50    0.50  clk       --      
edi[51]       0.50    0.50    0.50    0.50  clk       --      
edi[52]       0.50    0.50    0.50    0.50  clk       --      
edi[53]       0.50    0.50    0.50    0.50  clk       --      
edi[54]       0.50    0.50    0.50    0.50  clk       --      
edi[55]       0.50    0.50    0.50    0.50  clk       --      
edi[56]       0.50    0.50    0.50    0.50  clk       --      
edi[57]       0.50    0.50    0.50    0.50  clk       --      
edi[58]       0.50    0.50    0.50    0.50  clk       --      
edi[59]       0.50    0.50    0.50    0.50  clk       --      
edi[60]       0.50    0.50    0.50    0.50  clk       --      
edi[61]       0.50    0.50    0.50    0.50  clk       --      
edi[62]       0.50    0.50    0.50    0.50  clk       --      
edi[63]       0.50    0.50    0.50    0.50  clk       --      
ero           0.50    0.50    0.50    0.50  clk       --      
esi           0.50    0.50    0.50    0.50  clk       --      
ndi[0]        0.50    0.50    0.50    0.50  clk       --      
ndi[1]        0.50    0.50    0.50    0.50  clk       --      
ndi[2]        0.50    0.50    0.50    0.50  clk       --      
ndi[3]        0.50    0.50    0.50    0.50  clk       --      
ndi[4]        0.50    0.50    0.50    0.50  clk       --      
ndi[5]        0.50    0.50    0.50    0.50  clk       --      
ndi[6]        0.50    0.50    0.50    0.50  clk       --      
ndi[7]        0.50    0.50    0.50    0.50  clk       --      
ndi[8]        0.50    0.50    0.50    0.50  clk       --      
ndi[9]        0.50    0.50    0.50    0.50  clk       --      
ndi[10]       0.50    0.50    0.50    0.50  clk       --      
ndi[11]       0.50    0.50    0.50    0.50  clk       --      
ndi[12]       0.50    0.50    0.50    0.50  clk       --      
ndi[13]       0.50    0.50    0.50    0.50  clk       --      
ndi[14]       0.50    0.50    0.50    0.50  clk       --      
ndi[15]       0.50    0.50    0.50    0.50  clk       --      
ndi[16]       0.50    0.50    0.50    0.50  clk       --      
ndi[17]       0.50    0.50    0.50    0.50  clk       --      
ndi[18]       0.50    0.50    0.50    0.50  clk       --      
ndi[19]       0.50    0.50    0.50    0.50  clk       --      
ndi[20]       0.50    0.50    0.50    0.50  clk       --      
ndi[21]       0.50    0.50    0.50    0.50  clk       --      
ndi[22]       0.50    0.50    0.50    0.50  clk       --      
ndi[23]       0.50    0.50    0.50    0.50  clk       --      
ndi[24]       0.50    0.50    0.50    0.50  clk       --      
ndi[25]       0.50    0.50    0.50    0.50  clk       --      
ndi[26]       0.50    0.50    0.50    0.50  clk       --      
ndi[27]       0.50    0.50    0.50    0.50  clk       --      
ndi[28]       0.50    0.50    0.50    0.50  clk       --      
ndi[29]       0.50    0.50    0.50    0.50  clk       --      
ndi[30]       0.50    0.50    0.50    0.50  clk       --      
ndi[31]       0.50    0.50    0.50    0.50  clk       --      
ndi[32]       0.50    0.50    0.50    0.50  clk       --      
ndi[33]       0.50    0.50    0.50    0.50  clk       --      
ndi[34]       0.50    0.50    0.50    0.50  clk       --      
ndi[35]       0.50    0.50    0.50    0.50  clk       --      
ndi[36]       0.50    0.50    0.50    0.50  clk       --      
ndi[37]       0.50    0.50    0.50    0.50  clk       --      
ndi[38]       0.50    0.50    0.50    0.50  clk       --      
ndi[39]       0.50    0.50    0.50    0.50  clk       --      
ndi[40]       0.50    0.50    0.50    0.50  clk       --      
ndi[41]       0.50    0.50    0.50    0.50  clk       --      
ndi[42]       0.50    0.50    0.50    0.50  clk       --      
ndi[43]       0.50    0.50    0.50    0.50  clk       --      
ndi[44]       0.50    0.50    0.50    0.50  clk       --      
ndi[45]       0.50    0.50    0.50    0.50  clk       --      
ndi[46]       0.50    0.50    0.50    0.50  clk       --      
ndi[47]       0.50    0.50    0.50    0.50  clk       --      
ndi[48]       0.50    0.50    0.50    0.50  clk       --      
ndi[49]       0.50    0.50    0.50    0.50  clk       --      
ndi[50]       0.50    0.50    0.50    0.50  clk       --      
ndi[51]       0.50    0.50    0.50    0.50  clk       --      
ndi[52]       0.50    0.50    0.50    0.50  clk       --      
ndi[53]       0.50    0.50    0.50    0.50  clk       --      
ndi[54]       0.50    0.50    0.50    0.50  clk       --      
ndi[55]       0.50    0.50    0.50    0.50  clk       --      
ndi[56]       0.50    0.50    0.50    0.50  clk       --      
ndi[57]       0.50    0.50    0.50    0.50  clk       --      
ndi[58]       0.50    0.50    0.50    0.50  clk       --      
ndi[59]       0.50    0.50    0.50    0.50  clk       --      
ndi[60]       0.50    0.50    0.50    0.50  clk       --      
ndi[61]       0.50    0.50    0.50    0.50  clk       --      
ndi[62]       0.50    0.50    0.50    0.50  clk       --      
ndi[63]       0.50    0.50    0.50    0.50  clk       --      
nro           0.50    0.50    0.50    0.50  clk       --      
nsi           0.50    0.50    0.50    0.50  clk       --      
pedi[0]       0.50    0.50    0.50    0.50  clk       --      
pedi[1]       0.50    0.50    0.50    0.50  clk       --      
pedi[2]       0.50    0.50    0.50    0.50  clk       --      
pedi[3]       0.50    0.50    0.50    0.50  clk       --      
pedi[4]       0.50    0.50    0.50    0.50  clk       --      
pedi[5]       0.50    0.50    0.50    0.50  clk       --      
pedi[6]       0.50    0.50    0.50    0.50  clk       --      
pedi[7]       0.50    0.50    0.50    0.50  clk       --      
pedi[8]       0.50    0.50    0.50    0.50  clk       --      
pedi[9]       0.50    0.50    0.50    0.50  clk       --      
pedi[10]      0.50    0.50    0.50    0.50  clk       --      
pedi[11]      0.50    0.50    0.50    0.50  clk       --      
pedi[12]      0.50    0.50    0.50    0.50  clk       --      
pedi[13]      0.50    0.50    0.50    0.50  clk       --      
pedi[14]      0.50    0.50    0.50    0.50  clk       --      
pedi[15]      0.50    0.50    0.50    0.50  clk       --      
pedi[16]      0.50    0.50    0.50    0.50  clk       --      
pedi[17]      0.50    0.50    0.50    0.50  clk       --      
pedi[18]      0.50    0.50    0.50    0.50  clk       --      
pedi[19]      0.50    0.50    0.50    0.50  clk       --      
pedi[20]      0.50    0.50    0.50    0.50  clk       --      
pedi[21]      0.50    0.50    0.50    0.50  clk       --      
pedi[22]      0.50    0.50    0.50    0.50  clk       --      
pedi[23]      0.50    0.50    0.50    0.50  clk       --      
pedi[24]      0.50    0.50    0.50    0.50  clk       --      
pedi[25]      0.50    0.50    0.50    0.50  clk       --      
pedi[26]      0.50    0.50    0.50    0.50  clk       --      
pedi[27]      0.50    0.50    0.50    0.50  clk       --      
pedi[28]      0.50    0.50    0.50    0.50  clk       --      
pedi[29]      0.50    0.50    0.50    0.50  clk       --      
pedi[30]      0.50    0.50    0.50    0.50  clk       --      
pedi[31]      0.50    0.50    0.50    0.50  clk       --      
pedi[32]      0.50    0.50    0.50    0.50  clk       --      
pedi[33]      0.50    0.50    0.50    0.50  clk       --      
pedi[34]      0.50    0.50    0.50    0.50  clk       --      
pedi[35]      0.50    0.50    0.50    0.50  clk       --      
pedi[36]      0.50    0.50    0.50    0.50  clk       --      
pedi[37]      0.50    0.50    0.50    0.50  clk       --      
pedi[38]      0.50    0.50    0.50    0.50  clk       --      
pedi[39]      0.50    0.50    0.50    0.50  clk       --      
pedi[40]      0.50    0.50    0.50    0.50  clk       --      
pedi[41]      0.50    0.50    0.50    0.50  clk       --      
pedi[42]      0.50    0.50    0.50    0.50  clk       --      
pedi[43]      0.50    0.50    0.50    0.50  clk       --      
pedi[44]      0.50    0.50    0.50    0.50  clk       --      
pedi[45]      0.50    0.50    0.50    0.50  clk       --      
pedi[46]      0.50    0.50    0.50    0.50  clk       --      
pedi[47]      0.50    0.50    0.50    0.50  clk       --      
pedi[48]      0.50    0.50    0.50    0.50  clk       --      
pedi[49]      0.50    0.50    0.50    0.50  clk       --      
pedi[50]      0.50    0.50    0.50    0.50  clk       --      
pedi[51]      0.50    0.50    0.50    0.50  clk       --      
pedi[52]      0.50    0.50    0.50    0.50  clk       --      
pedi[53]      0.50    0.50    0.50    0.50  clk       --      
pedi[54]      0.50    0.50    0.50    0.50  clk       --      
pedi[55]      0.50    0.50    0.50    0.50  clk       --      
pedi[56]      0.50    0.50    0.50    0.50  clk       --      
pedi[57]      0.50    0.50    0.50    0.50  clk       --      
pedi[58]      0.50    0.50    0.50    0.50  clk       --      
pedi[59]      0.50    0.50    0.50    0.50  clk       --      
pedi[60]      0.50    0.50    0.50    0.50  clk       --      
pedi[61]      0.50    0.50    0.50    0.50  clk       --      
pedi[62]      0.50    0.50    0.50    0.50  clk       --      
pedi[63]      0.50    0.50    0.50    0.50  clk       --      
pero          0.50    0.50    0.50    0.50  clk       --      
pesi          0.50    0.50    0.50    0.50  clk       --      
reset         0.50    0.50    0.50    0.50  clk       --      
sdi[0]        0.50    0.50    0.50    0.50  clk       --      
sdi[1]        0.50    0.50    0.50    0.50  clk       --      
sdi[2]        0.50    0.50    0.50    0.50  clk       --      
sdi[3]        0.50    0.50    0.50    0.50  clk       --      
sdi[4]        0.50    0.50    0.50    0.50  clk       --      
sdi[5]        0.50    0.50    0.50    0.50  clk       --      
sdi[6]        0.50    0.50    0.50    0.50  clk       --      
sdi[7]        0.50    0.50    0.50    0.50  clk       --      
sdi[8]        0.50    0.50    0.50    0.50  clk       --      
sdi[9]        0.50    0.50    0.50    0.50  clk       --      
sdi[10]       0.50    0.50    0.50    0.50  clk       --      
sdi[11]       0.50    0.50    0.50    0.50  clk       --      
sdi[12]       0.50    0.50    0.50    0.50  clk       --      
sdi[13]       0.50    0.50    0.50    0.50  clk       --      
sdi[14]       0.50    0.50    0.50    0.50  clk       --      
sdi[15]       0.50    0.50    0.50    0.50  clk       --      
sdi[16]       0.50    0.50    0.50    0.50  clk       --      
sdi[17]       0.50    0.50    0.50    0.50  clk       --      
sdi[18]       0.50    0.50    0.50    0.50  clk       --      
sdi[19]       0.50    0.50    0.50    0.50  clk       --      
sdi[20]       0.50    0.50    0.50    0.50  clk       --      
sdi[21]       0.50    0.50    0.50    0.50  clk       --      
sdi[22]       0.50    0.50    0.50    0.50  clk       --      
sdi[23]       0.50    0.50    0.50    0.50  clk       --      
sdi[24]       0.50    0.50    0.50    0.50  clk       --      
sdi[25]       0.50    0.50    0.50    0.50  clk       --      
sdi[26]       0.50    0.50    0.50    0.50  clk       --      
sdi[27]       0.50    0.50    0.50    0.50  clk       --      
sdi[28]       0.50    0.50    0.50    0.50  clk       --      
sdi[29]       0.50    0.50    0.50    0.50  clk       --      
sdi[30]       0.50    0.50    0.50    0.50  clk       --      
sdi[31]       0.50    0.50    0.50    0.50  clk       --      
sdi[32]       0.50    0.50    0.50    0.50  clk       --      
sdi[33]       0.50    0.50    0.50    0.50  clk       --      
sdi[34]       0.50    0.50    0.50    0.50  clk       --      
sdi[35]       0.50    0.50    0.50    0.50  clk       --      
sdi[36]       0.50    0.50    0.50    0.50  clk       --      
sdi[37]       0.50    0.50    0.50    0.50  clk       --      
sdi[38]       0.50    0.50    0.50    0.50  clk       --      
sdi[39]       0.50    0.50    0.50    0.50  clk       --      
sdi[40]       0.50    0.50    0.50    0.50  clk       --      
sdi[41]       0.50    0.50    0.50    0.50  clk       --      
sdi[42]       0.50    0.50    0.50    0.50  clk       --      
sdi[43]       0.50    0.50    0.50    0.50  clk       --      
sdi[44]       0.50    0.50    0.50    0.50  clk       --      
sdi[45]       0.50    0.50    0.50    0.50  clk       --      
sdi[46]       0.50    0.50    0.50    0.50  clk       --      
sdi[47]       0.50    0.50    0.50    0.50  clk       --      
sdi[48]       0.50    0.50    0.50    0.50  clk       --      
sdi[49]       0.50    0.50    0.50    0.50  clk       --      
sdi[50]       0.50    0.50    0.50    0.50  clk       --      
sdi[51]       0.50    0.50    0.50    0.50  clk       --      
sdi[52]       0.50    0.50    0.50    0.50  clk       --      
sdi[53]       0.50    0.50    0.50    0.50  clk       --      
sdi[54]       0.50    0.50    0.50    0.50  clk       --      
sdi[55]       0.50    0.50    0.50    0.50  clk       --      
sdi[56]       0.50    0.50    0.50    0.50  clk       --      
sdi[57]       0.50    0.50    0.50    0.50  clk       --      
sdi[58]       0.50    0.50    0.50    0.50  clk       --      
sdi[59]       0.50    0.50    0.50    0.50  clk       --      
sdi[60]       0.50    0.50    0.50    0.50  clk       --      
sdi[61]       0.50    0.50    0.50    0.50  clk       --      
sdi[62]       0.50    0.50    0.50    0.50  clk       --      
sdi[63]       0.50    0.50    0.50    0.50  clk       --      
sro           0.50    0.50    0.50    0.50  clk       --      
ssi           0.50    0.50    0.50    0.50  clk       --      
wdi[0]        0.50    0.50    0.50    0.50  clk       --      
wdi[1]        0.50    0.50    0.50    0.50  clk       --      
wdi[2]        0.50    0.50    0.50    0.50  clk       --      
wdi[3]        0.50    0.50    0.50    0.50  clk       --      
wdi[4]        0.50    0.50    0.50    0.50  clk       --      
wdi[5]        0.50    0.50    0.50    0.50  clk       --      
wdi[6]        0.50    0.50    0.50    0.50  clk       --      
wdi[7]        0.50    0.50    0.50    0.50  clk       --      
wdi[8]        0.50    0.50    0.50    0.50  clk       --      
wdi[9]        0.50    0.50    0.50    0.50  clk       --      
wdi[10]       0.50    0.50    0.50    0.50  clk       --      
wdi[11]       0.50    0.50    0.50    0.50  clk       --      
wdi[12]       0.50    0.50    0.50    0.50  clk       --      
wdi[13]       0.50    0.50    0.50    0.50  clk       --      
wdi[14]       0.50    0.50    0.50    0.50  clk       --      
wdi[15]       0.50    0.50    0.50    0.50  clk       --      
wdi[16]       0.50    0.50    0.50    0.50  clk       --      
wdi[17]       0.50    0.50    0.50    0.50  clk       --      
wdi[18]       0.50    0.50    0.50    0.50  clk       --      
wdi[19]       0.50    0.50    0.50    0.50  clk       --      
wdi[20]       0.50    0.50    0.50    0.50  clk       --      
wdi[21]       0.50    0.50    0.50    0.50  clk       --      
wdi[22]       0.50    0.50    0.50    0.50  clk       --      
wdi[23]       0.50    0.50    0.50    0.50  clk       --      
wdi[24]       0.50    0.50    0.50    0.50  clk       --      
wdi[25]       0.50    0.50    0.50    0.50  clk       --      
wdi[26]       0.50    0.50    0.50    0.50  clk       --      
wdi[27]       0.50    0.50    0.50    0.50  clk       --      
wdi[28]       0.50    0.50    0.50    0.50  clk       --      
wdi[29]       0.50    0.50    0.50    0.50  clk       --      
wdi[30]       0.50    0.50    0.50    0.50  clk       --      
wdi[31]       0.50    0.50    0.50    0.50  clk       --      
wdi[32]       0.50    0.50    0.50    0.50  clk       --      
wdi[33]       0.50    0.50    0.50    0.50  clk       --      
wdi[34]       0.50    0.50    0.50    0.50  clk       --      
wdi[35]       0.50    0.50    0.50    0.50  clk       --      
wdi[36]       0.50    0.50    0.50    0.50  clk       --      
wdi[37]       0.50    0.50    0.50    0.50  clk       --      
wdi[38]       0.50    0.50    0.50    0.50  clk       --      
wdi[39]       0.50    0.50    0.50    0.50  clk       --      
wdi[40]       0.50    0.50    0.50    0.50  clk       --      
wdi[41]       0.50    0.50    0.50    0.50  clk       --      
wdi[42]       0.50    0.50    0.50    0.50  clk       --      
wdi[43]       0.50    0.50    0.50    0.50  clk       --      
wdi[44]       0.50    0.50    0.50    0.50  clk       --      
wdi[45]       0.50    0.50    0.50    0.50  clk       --      
wdi[46]       0.50    0.50    0.50    0.50  clk       --      
wdi[47]       0.50    0.50    0.50    0.50  clk       --      
wdi[48]       0.50    0.50    0.50    0.50  clk       --      
wdi[49]       0.50    0.50    0.50    0.50  clk       --      
wdi[50]       0.50    0.50    0.50    0.50  clk       --      
wdi[51]       0.50    0.50    0.50    0.50  clk       --      
wdi[52]       0.50    0.50    0.50    0.50  clk       --      
wdi[53]       0.50    0.50    0.50    0.50  clk       --      
wdi[54]       0.50    0.50    0.50    0.50  clk       --      
wdi[55]       0.50    0.50    0.50    0.50  clk       --      
wdi[56]       0.50    0.50    0.50    0.50  clk       --      
wdi[57]       0.50    0.50    0.50    0.50  clk       --      
wdi[58]       0.50    0.50    0.50    0.50  clk       --      
wdi[59]       0.50    0.50    0.50    0.50  clk       --      
wdi[60]       0.50    0.50    0.50    0.50  clk       --      
wdi[61]       0.50    0.50    0.50    0.50  clk       --      
wdi[62]       0.50    0.50    0.50    0.50  clk       --      
wdi[63]       0.50    0.50    0.50    0.50  clk       --      
wro           0.50    0.50    0.50    0.50  clk       --      
wsi           0.50    0.50    0.50    0.50  clk       --      

1
