 
****************************************
Report : reference
Design : cardinal_node
Version: Y-2026.03
Date   : Fri Apr 17 19:08:40 2026
****************************************

Attributes:
    b - black box (unknown)
   bo - allows boundary optimization
    d - dont_touch
   mo - map_only
    h - hierarchical
    n - noncombinational
    r - removable
    s - synthetic operator
    u - contains unmapped logic

Reference          Library       Unit Area   Count    Total Area   Attributes
-----------------------------------------------------------------------------
AND2X1             gscl45nm       2.346500      64    150.175995  
AOI22X1            gscl45nm       3.285100       1      3.285100  
INVX1              gscl45nm       1.407900      11     15.486900  
OAI21X1            gscl45nm       2.815800       1      2.815800  
OR2X1              gscl45nm       2.346500       1      2.346500  
cardinal_cpu                  676176.818221
                                                 1  676176.818221 h, n
cardinal_nic                   1735.940670       1   1735.940670  h, n
dmem                              0.000000       1      0.000000  b
imem                              0.000000       1      0.000000  b
-----------------------------------------------------------------------------
Total 9 references                                  678086.869185

****************************************
Design: cardinal_cpu 
****************************************
Reference          Library       Unit Area   Count    Total Area   Attributes
-----------------------------------------------------------------------------
AND2X1             gscl45nm       2.346500     602   1412.592952  
AND2X2             gscl45nm       2.815800      48    135.158398  
AOI21X1            gscl45nm       2.815800     320    901.055984  
AOI22X1            gscl45nm       3.285100    1745   5732.499471  
BUFX2              gscl45nm       2.346500     120    281.579990  
DFFPOSX1           gscl45nm       7.978100    2238  17854.987404  n
INVX1              gscl45nm       1.407900    1985   2794.681452  
INVX4              gscl45nm       3.285100       4     13.140400  
MUX2X1             gscl45nm       3.754400       3     11.263200  
NAND2X1            gscl45nm       1.877200    2411   4525.929218  
NAND3X1            gscl45nm       2.346500     778   1825.576938  
NOR2X1             gscl45nm       2.346500       7     16.425499  
NOR3X1             gscl45nm       2.815800     134    377.317194  
OAI21X1            gscl45nm       2.815800    2136   6014.548697  
OR2X1              gscl45nm       2.346500     135    316.777489  
XNOR2X1            gscl45nm       4.693000       3     14.079000  
XOR2X1             gscl45nm       4.693000       2      9.386000  
ex_mem_stage                  633474.273347
                                                 1  633474.273347 h
id_stage                        215.877995       1    215.877995  h
instruction_fetch               249.667595       1    249.667595  h, n
-----------------------------------------------------------------------------
Total 20 references                                 676176.818221

****************************************
Design: ex_mem_stage 
****************************************
Reference          Library       Unit Area   Count    Total Area   Attributes
-----------------------------------------------------------------------------
AND2X1             gscl45nm       2.346500    3188   7480.641745  
AND2X2             gscl45nm       2.815800    3342   9410.403438  
AOI21X1            gscl45nm       2.815800   19429  54708.177259  
AOI22X1            gscl45nm       3.285100    4516  14835.511524  
BUFX2              gscl45nm       2.346500    8548  20057.881315  
BUFX4              gscl45nm       2.815800     426   1199.530779  
FAX1               gscl45nm       8.916700    8968  79964.968857  r
HAX1               gscl45nm       4.693000    1064   4993.351830  r
INVX1              gscl45nm       1.407900   60968  85836.845723  
INVX2              gscl45nm       1.877200    2276   4272.507217  
INVX4              gscl45nm       3.285100     872   2864.607185  
INVX8              gscl45nm       3.285100     331   1087.368094  
MUX2X1             gscl45nm       3.754400    1476   5541.494422  
NAND2X1            gscl45nm       1.877200   53590  100599.148399 
NAND3X1            gscl45nm       2.346500    1817   4263.590354  
NOR2X1             gscl45nm       2.346500   34004  79790.383276  
NOR3X1             gscl45nm       2.815800    1074   3024.169148  
OAI21X1            gscl45nm       2.815800   25167  70865.237381  
OR2X1              gscl45nm       2.346500    1962   4603.832843  
OR2X2              gscl45nm       2.815800     489   1376.926176  
XNOR2X1            gscl45nm       4.693000    9823  46099.337426  
XOR2X1             gscl45nm       4.693000    6520  30598.358955  
-----------------------------------------------------------------------------
Total 22 references                                 633474.273347

****************************************
Design: id_stage 
****************************************
Reference          Library       Unit Area   Count    Total Area   Attributes
-----------------------------------------------------------------------------
AND2X1             gscl45nm       2.346500       1      2.346500  
AND2X2             gscl45nm       2.815800       9     25.342200  
AOI21X1            gscl45nm       2.815800       1      2.815800  
AOI22X1            gscl45nm       3.285100       5     16.425500  
BUFX2              gscl45nm       2.346500       2      4.693000  
INVX1              gscl45nm       1.407900      11     15.486900  
NAND2X1            gscl45nm       1.877200      10     18.772000  
NAND3X1            gscl45nm       2.346500       9     21.118499  
NOR2X1             gscl45nm       2.346500      35     82.127497  
NOR3X1             gscl45nm       2.815800       5     14.079000  
OAI21X1            gscl45nm       2.815800       2      5.631600  
OR2X1              gscl45nm       2.346500       3      7.039500  
-----------------------------------------------------------------------------
Total 12 references                                   215.877995

****************************************
Design: instruction_fetch 
****************************************
Reference          Library       Unit Area   Count    Total Area   Attributes
-----------------------------------------------------------------------------
AND2X1             gscl45nm       2.346500       6     14.079000  
AND2X2             gscl45nm       2.815800       3      8.447400  
AOI21X1            gscl45nm       2.815800       2      5.631600  
AOI22X1            gscl45nm       3.285100       2      6.570200  
BUFX2              gscl45nm       2.346500       2      4.693000  
BUFX4              gscl45nm       2.815800       1      2.815800  
DFFPOSX1           gscl45nm       7.978100       8     63.824799  n
INVX1              gscl45nm       1.407900      17     23.934300  
INVX2              gscl45nm       1.877200       1      1.877200  
MUX2X1             gscl45nm       3.754400       1      3.754400  
NAND2X1            gscl45nm       1.877200      19     35.666800  
NAND3X1            gscl45nm       2.346500      17     39.890499  
NOR2X1             gscl45nm       2.346500       3      7.039500  
OAI21X1            gscl45nm       2.815800       7     19.710600  
OR2X1              gscl45nm       2.346500       3      7.039500  
XNOR2X1            gscl45nm       4.693000       1      4.693000  
-----------------------------------------------------------------------------
Total 16 references                                   249.667595

****************************************
Design: cardinal_nic 
****************************************
Reference          Library       Unit Area   Count    Total Area   Attributes
-----------------------------------------------------------------------------
AOI21X1            gscl45nm       2.815800       3      8.447400  
AOI22X1            gscl45nm       3.285100     128    420.492798  
DFFPOSX1           gscl45nm       7.978100     130   1037.152977  n
INVX1              gscl45nm       1.407900     171    240.750896  
NAND2X1            gscl45nm       1.877200       1      1.877200  
NAND3X1            gscl45nm       2.346500       2      4.693000  
NOR2X1             gscl45nm       2.346500       2      4.693000  
NOR3X1             gscl45nm       2.815800       3      8.447400  
OR2X1              gscl45nm       2.346500       4      9.386000  
-----------------------------------------------------------------------------
Total 9 references                                   1735.940670
1
