 
****************************************
check_design summary:
Version:     Y-2026.03
Date:        Fri Apr 17 12:42:13 2026
****************************************

                   Name                                            Total
--------------------------------------------------------------------------------
Inputs/Outputs                                                    307
    Unconnected ports (LINT-28)                                    64
    Feedthrough (LINT-29)                                         146
    Shorted outputs (LINT-31)                                      65
    Constant outputs (LINT-52)                                     32

Cells                                                              67
    Cells do not drive (LINT-1)                                    67

Designs                                                             2
    Black box (LINT-55)                                             2

Nets                                                              130
    Unloaded nets (LINT-2)                                        130
--------------------------------------------------------------------------------

Warning: In design 'instruction_fetch', cell 'B_1' does not drive any nets. (LINT-1)
Warning: In design 'ex_mem_stage', cell 'C4079' does not drive any nets. (LINT-1)
Warning: In design 'ex_mem_stage', cell 'C4080' does not drive any nets. (LINT-1)
Warning: In design 'ex_mem_stage', cell 'C4081' does not drive any nets. (LINT-1)
Warning: In design 'ex_mem_stage', cell 'C4082' does not drive any nets. (LINT-1)
Warning: In design 'ex_mem_stage', cell 'C4088' does not drive any nets. (LINT-1)
Warning: In design 'ex_mem_stage', cell 'C4089' does not drive any nets. (LINT-1)
Warning: In design 'ex_mem_stage', cell 'C4090' does not drive any nets. (LINT-1)
Warning: In design 'ex_mem_stage', cell 'C4091' does not drive any nets. (LINT-1)
Warning: In design 'ex_mem_stage', cell 'C4097' does not drive any nets. (LINT-1)
Warning: In design 'ex_mem_stage', cell 'C4098' does not drive any nets. (LINT-1)
Warning: In design 'ex_mem_stage', cell 'C4099' does not drive any nets. (LINT-1)
Warning: In design 'ex_mem_stage', cell 'C4105' does not drive any nets. (LINT-1)
Warning: In design 'ex_mem_stage', cell 'C4106' does not drive any nets. (LINT-1)
Warning: In design 'ex_mem_stage', cell 'C4107' does not drive any nets. (LINT-1)
Warning: In design 'ex_mem_stage', cell 'C4113' does not drive any nets. (LINT-1)
Warning: In design 'ex_mem_stage', cell 'C4114' does not drive any nets. (LINT-1)
Warning: In design 'ex_mem_stage', cell 'C4115' does not drive any nets. (LINT-1)
Warning: In design 'ex_mem_stage', cell 'C4116' does not drive any nets. (LINT-1)
Warning: In design 'ex_mem_stage', cell 'C4122' does not drive any nets. (LINT-1)
Warning: In design 'ex_mem_stage', cell 'C4123' does not drive any nets. (LINT-1)
Warning: In design 'ex_mem_stage', cell 'C4124' does not drive any nets. (LINT-1)
Warning: In design 'ex_mem_stage', cell 'C4125' does not drive any nets. (LINT-1)
Warning: In design 'ex_mem_stage', cell 'C4131' does not drive any nets. (LINT-1)
Warning: In design 'ex_mem_stage', cell 'C4132' does not drive any nets. (LINT-1)
Warning: In design 'ex_mem_stage', cell 'C4133' does not drive any nets. (LINT-1)
Warning: In design 'ex_mem_stage', cell 'C4134' does not drive any nets. (LINT-1)
Warning: In design 'ex_mem_stage', cell 'C4151' does not drive any nets. (LINT-1)
Warning: In design 'ex_mem_stage', cell 'C4154' does not drive any nets. (LINT-1)
Warning: In design 'ex_mem_stage', cell 'C4157' does not drive any nets. (LINT-1)
Warning: In design 'ex_mem_stage', cell 'C4160' does not drive any nets. (LINT-1)
Warning: In design 'ex_mem_stage', cell 'C4163' does not drive any nets. (LINT-1)
Warning: In design 'ex_mem_stage', cell 'C4166' does not drive any nets. (LINT-1)
Warning: In design 'ex_mem_stage', cell 'C4169' does not drive any nets. (LINT-1)
Warning: In design 'ex_mem_stage', cell 'C4172' does not drive any nets. (LINT-1)
Warning: In design 'ex_mem_stage', cell 'C4176' does not drive any nets. (LINT-1)
Warning: In design 'ex_mem_stage', cell 'C4179' does not drive any nets. (LINT-1)
Warning: In design 'ex_mem_stage', cell 'C4182' does not drive any nets. (LINT-1)
Warning: In design 'ex_mem_stage', cell 'C4185' does not drive any nets. (LINT-1)
Warning: In design 'ex_mem_stage', cell 'C4189' does not drive any nets. (LINT-1)
Warning: In design 'ex_mem_stage', cell 'C4192' does not drive any nets. (LINT-1)
Warning: In design 'ex_mem_stage', cell 'C4196' does not drive any nets. (LINT-1)
Warning: In design 'ex_mem_stage', cell 'C4203' does not drive any nets. (LINT-1)
Warning: In design 'ex_mem_stage', cell 'C4204' does not drive any nets. (LINT-1)
Warning: In design 'ex_mem_stage', cell 'C4205' does not drive any nets. (LINT-1)
Warning: In design 'ex_mem_stage', cell 'C4206' does not drive any nets. (LINT-1)
Warning: In design 'ex_mem_stage', cell 'C4207' does not drive any nets. (LINT-1)
Warning: In design 'ex_mem_stage', cell 'C4208' does not drive any nets. (LINT-1)
Warning: In design 'ex_mem_stage', cell 'C4209' does not drive any nets. (LINT-1)
Warning: In design 'ex_mem_stage', cell 'C4210' does not drive any nets. (LINT-1)
Warning: In design 'ex_mem_stage', cell 'C4212' does not drive any nets. (LINT-1)
Warning: In design 'ex_mem_stage', cell 'C4213' does not drive any nets. (LINT-1)
Warning: In design 'ex_mem_stage', cell 'C4214' does not drive any nets. (LINT-1)
Warning: In design 'ex_mem_stage', cell 'C4215' does not drive any nets. (LINT-1)
Warning: In design 'ex_mem_stage', cell 'C4217' does not drive any nets. (LINT-1)
Warning: In design 'ex_mem_stage', cell 'C4218' does not drive any nets. (LINT-1)
Warning: In design 'ex_mem_stage', cell 'C4222' does not drive any nets. (LINT-1)
Warning: In design 'ex_mem_stage', cell 'C4228' does not drive any nets. (LINT-1)
Warning: In design 'ex_mem_stage', cell 'C4229' does not drive any nets. (LINT-1)
Warning: In design 'ex_mem_stage', cell 'C4230' does not drive any nets. (LINT-1)
Warning: In design 'ex_mem_stage', cell 'C4236' does not drive any nets. (LINT-1)
Warning: In design 'ex_mem_stage', cell 'C4237' does not drive any nets. (LINT-1)
Warning: In design 'ex_mem_stage', cell 'C4238' does not drive any nets. (LINT-1)
Warning: In design 'ex_mem_stage', cell 'C4244' does not drive any nets. (LINT-1)
Warning: In design 'ex_mem_stage', cell 'C4277' does not drive any nets. (LINT-1)
Warning: In design 'ex_mem_stage', cell 'C4310' does not drive any nets. (LINT-1)
Warning: In design 'ex_mem_stage', cell 'C4343' does not drive any nets. (LINT-1)
Warning: In design 'cardinal_node', net 'nic_d_out_reg[0]' driven by pin 'u_nic/d_out[0]' has no loads. (LINT-2)
Warning: In design 'cardinal_node', net 'nic_d_out_reg[1]' driven by pin 'u_nic/d_out[1]' has no loads. (LINT-2)
Warning: In design 'cardinal_node', net 'nic_d_out_reg[2]' driven by pin 'u_nic/d_out[2]' has no loads. (LINT-2)
Warning: In design 'cardinal_node', net 'nic_d_out_reg[3]' driven by pin 'u_nic/d_out[3]' has no loads. (LINT-2)
Warning: In design 'cardinal_node', net 'nic_d_out_reg[4]' driven by pin 'u_nic/d_out[4]' has no loads. (LINT-2)
Warning: In design 'cardinal_node', net 'nic_d_out_reg[5]' driven by pin 'u_nic/d_out[5]' has no loads. (LINT-2)
Warning: In design 'cardinal_node', net 'nic_d_out_reg[6]' driven by pin 'u_nic/d_out[6]' has no loads. (LINT-2)
Warning: In design 'cardinal_node', net 'nic_d_out_reg[7]' driven by pin 'u_nic/d_out[7]' has no loads. (LINT-2)
Warning: In design 'cardinal_node', net 'nic_d_out_reg[8]' driven by pin 'u_nic/d_out[8]' has no loads. (LINT-2)
Warning: In design 'cardinal_node', net 'nic_d_out_reg[9]' driven by pin 'u_nic/d_out[9]' has no loads. (LINT-2)
Warning: In design 'cardinal_node', net 'nic_d_out_reg[10]' driven by pin 'u_nic/d_out[10]' has no loads. (LINT-2)
Warning: In design 'cardinal_node', net 'nic_d_out_reg[11]' driven by pin 'u_nic/d_out[11]' has no loads. (LINT-2)
Warning: In design 'cardinal_node', net 'nic_d_out_reg[12]' driven by pin 'u_nic/d_out[12]' has no loads. (LINT-2)
Warning: In design 'cardinal_node', net 'nic_d_out_reg[13]' driven by pin 'u_nic/d_out[13]' has no loads. (LINT-2)
Warning: In design 'cardinal_node', net 'nic_d_out_reg[14]' driven by pin 'u_nic/d_out[14]' has no loads. (LINT-2)
Warning: In design 'cardinal_node', net 'nic_d_out_reg[15]' driven by pin 'u_nic/d_out[15]' has no loads. (LINT-2)
Warning: In design 'cardinal_node', net 'nic_d_out_reg[16]' driven by pin 'u_nic/d_out[16]' has no loads. (LINT-2)
Warning: In design 'cardinal_node', net 'nic_d_out_reg[17]' driven by pin 'u_nic/d_out[17]' has no loads. (LINT-2)
Warning: In design 'cardinal_node', net 'nic_d_out_reg[18]' driven by pin 'u_nic/d_out[18]' has no loads. (LINT-2)
Warning: In design 'cardinal_node', net 'nic_d_out_reg[19]' driven by pin 'u_nic/d_out[19]' has no loads. (LINT-2)
Warning: In design 'cardinal_node', net 'nic_d_out_reg[20]' driven by pin 'u_nic/d_out[20]' has no loads. (LINT-2)
Warning: In design 'cardinal_node', net 'nic_d_out_reg[21]' driven by pin 'u_nic/d_out[21]' has no loads. (LINT-2)
Warning: In design 'cardinal_node', net 'nic_d_out_reg[22]' driven by pin 'u_nic/d_out[22]' has no loads. (LINT-2)
Warning: In design 'cardinal_node', net 'nic_d_out_reg[23]' driven by pin 'u_nic/d_out[23]' has no loads. (LINT-2)
Warning: In design 'cardinal_node', net 'nic_d_out_reg[24]' driven by pin 'u_nic/d_out[24]' has no loads. (LINT-2)
Warning: In design 'cardinal_node', net 'nic_d_out_reg[25]' driven by pin 'u_nic/d_out[25]' has no loads. (LINT-2)
Warning: In design 'cardinal_node', net 'nic_d_out_reg[26]' driven by pin 'u_nic/d_out[26]' has no loads. (LINT-2)
Warning: In design 'cardinal_node', net 'nic_d_out_reg[27]' driven by pin 'u_nic/d_out[27]' has no loads. (LINT-2)
Warning: In design 'cardinal_node', net 'nic_d_out_reg[28]' driven by pin 'u_nic/d_out[28]' has no loads. (LINT-2)
Warning: In design 'cardinal_node', net 'nic_d_out_reg[29]' driven by pin 'u_nic/d_out[29]' has no loads. (LINT-2)
Warning: In design 'cardinal_node', net 'nic_d_out_reg[30]' driven by pin 'u_nic/d_out[30]' has no loads. (LINT-2)
Warning: In design 'cardinal_node', net 'nic_d_out_reg[31]' driven by pin 'u_nic/d_out[31]' has no loads. (LINT-2)
Warning: In design 'cardinal_node', net 'nic_d_out_reg[32]' driven by pin 'u_nic/d_out[32]' has no loads. (LINT-2)
Warning: In design 'cardinal_node', net 'nic_d_out_reg[33]' driven by pin 'u_nic/d_out[33]' has no loads. (LINT-2)
Warning: In design 'cardinal_node', net 'nic_d_out_reg[34]' driven by pin 'u_nic/d_out[34]' has no loads. (LINT-2)
Warning: In design 'cardinal_node', net 'nic_d_out_reg[35]' driven by pin 'u_nic/d_out[35]' has no loads. (LINT-2)
Warning: In design 'cardinal_node', net 'nic_d_out_reg[36]' driven by pin 'u_nic/d_out[36]' has no loads. (LINT-2)
Warning: In design 'cardinal_node', net 'nic_d_out_reg[37]' driven by pin 'u_nic/d_out[37]' has no loads. (LINT-2)
Warning: In design 'cardinal_node', net 'nic_d_out_reg[38]' driven by pin 'u_nic/d_out[38]' has no loads. (LINT-2)
Warning: In design 'cardinal_node', net 'nic_d_out_reg[39]' driven by pin 'u_nic/d_out[39]' has no loads. (LINT-2)
Warning: In design 'cardinal_node', net 'nic_d_out_reg[40]' driven by pin 'u_nic/d_out[40]' has no loads. (LINT-2)
Warning: In design 'cardinal_node', net 'nic_d_out_reg[41]' driven by pin 'u_nic/d_out[41]' has no loads. (LINT-2)
Warning: In design 'cardinal_node', net 'nic_d_out_reg[42]' driven by pin 'u_nic/d_out[42]' has no loads. (LINT-2)
Warning: In design 'cardinal_node', net 'nic_d_out_reg[43]' driven by pin 'u_nic/d_out[43]' has no loads. (LINT-2)
Warning: In design 'cardinal_node', net 'nic_d_out_reg[44]' driven by pin 'u_nic/d_out[44]' has no loads. (LINT-2)
Warning: In design 'cardinal_node', net 'nic_d_out_reg[45]' driven by pin 'u_nic/d_out[45]' has no loads. (LINT-2)
Warning: In design 'cardinal_node', net 'nic_d_out_reg[46]' driven by pin 'u_nic/d_out[46]' has no loads. (LINT-2)
Warning: In design 'cardinal_node', net 'nic_d_out_reg[47]' driven by pin 'u_nic/d_out[47]' has no loads. (LINT-2)
Warning: In design 'cardinal_node', net 'nic_d_out_reg[48]' driven by pin 'u_nic/d_out[48]' has no loads. (LINT-2)
Warning: In design 'cardinal_node', net 'nic_d_out_reg[49]' driven by pin 'u_nic/d_out[49]' has no loads. (LINT-2)
Warning: In design 'cardinal_node', net 'nic_d_out_reg[50]' driven by pin 'u_nic/d_out[50]' has no loads. (LINT-2)
Warning: In design 'cardinal_node', net 'nic_d_out_reg[51]' driven by pin 'u_nic/d_out[51]' has no loads. (LINT-2)
Warning: In design 'cardinal_node', net 'nic_d_out_reg[52]' driven by pin 'u_nic/d_out[52]' has no loads. (LINT-2)
Warning: In design 'cardinal_node', net 'nic_d_out_reg[53]' driven by pin 'u_nic/d_out[53]' has no loads. (LINT-2)
Warning: In design 'cardinal_node', net 'nic_d_out_reg[54]' driven by pin 'u_nic/d_out[54]' has no loads. (LINT-2)
Warning: In design 'cardinal_node', net 'nic_d_out_reg[55]' driven by pin 'u_nic/d_out[55]' has no loads. (LINT-2)
Warning: In design 'cardinal_node', net 'nic_d_out_reg[56]' driven by pin 'u_nic/d_out[56]' has no loads. (LINT-2)
Warning: In design 'cardinal_node', net 'nic_d_out_reg[57]' driven by pin 'u_nic/d_out[57]' has no loads. (LINT-2)
Warning: In design 'cardinal_node', net 'nic_d_out_reg[58]' driven by pin 'u_nic/d_out[58]' has no loads. (LINT-2)
Warning: In design 'cardinal_node', net 'nic_d_out_reg[59]' driven by pin 'u_nic/d_out[59]' has no loads. (LINT-2)
Warning: In design 'cardinal_node', net 'nic_d_out_reg[60]' driven by pin 'u_nic/d_out[60]' has no loads. (LINT-2)
Warning: In design 'cardinal_node', net 'nic_d_out_reg[61]' driven by pin 'u_nic/d_out[61]' has no loads. (LINT-2)
Warning: In design 'cardinal_node', net 'nic_d_out_reg[62]' driven by pin 'u_nic/d_out[62]' has no loads. (LINT-2)
Warning: In design 'cardinal_node', net 'nic_d_out_reg[63]' driven by pin 'u_nic/d_out[63]' has no loads. (LINT-2)
Warning: In design 'cardinal_node', net 'cpu_pc_out[31]' driven by pin 'u_cpu/pc_out[31]' has no loads. (LINT-2)
Warning: In design 'cardinal_node', net 'cpu_pc_out[30]' driven by pin 'u_cpu/pc_out[30]' has no loads. (LINT-2)
Warning: In design 'cardinal_node', net 'cpu_pc_out[21]' driven by pin 'u_cpu/pc_out[21]' has no loads. (LINT-2)
Warning: In design 'cardinal_node', net 'cpu_pc_out[20]' driven by pin 'u_cpu/pc_out[20]' has no loads. (LINT-2)
Warning: In design 'cardinal_node', net 'cpu_pc_out[19]' driven by pin 'u_cpu/pc_out[19]' has no loads. (LINT-2)
Warning: In design 'cardinal_node', net 'cpu_pc_out[18]' driven by pin 'u_cpu/pc_out[18]' has no loads. (LINT-2)
Warning: In design 'cardinal_node', net 'cpu_pc_out[17]' driven by pin 'u_cpu/pc_out[17]' has no loads. (LINT-2)
Warning: In design 'cardinal_node', net 'cpu_pc_out[16]' driven by pin 'u_cpu/pc_out[16]' has no loads. (LINT-2)
Warning: In design 'cardinal_node', net 'cpu_pc_out[15]' driven by pin 'u_cpu/pc_out[15]' has no loads. (LINT-2)
Warning: In design 'cardinal_node', net 'cpu_pc_out[14]' driven by pin 'u_cpu/pc_out[14]' has no loads. (LINT-2)
Warning: In design 'cardinal_node', net 'cpu_pc_out[13]' driven by pin 'u_cpu/pc_out[13]' has no loads. (LINT-2)
Warning: In design 'cardinal_node', net 'cpu_pc_out[12]' driven by pin 'u_cpu/pc_out[12]' has no loads. (LINT-2)
Warning: In design 'cardinal_node', net 'cpu_pc_out[11]' driven by pin 'u_cpu/pc_out[11]' has no loads. (LINT-2)
Warning: In design 'cardinal_node', net 'cpu_pc_out[10]' driven by pin 'u_cpu/pc_out[10]' has no loads. (LINT-2)
Warning: In design 'cardinal_node', net 'cpu_pc_out[9]' driven by pin 'u_cpu/pc_out[9]' has no loads. (LINT-2)
Warning: In design 'cardinal_node', net 'cpu_pc_out[8]' driven by pin 'u_cpu/pc_out[8]' has no loads. (LINT-2)
Warning: In design 'cardinal_node', net 'cpu_pc_out[7]' driven by pin 'u_cpu/pc_out[7]' has no loads. (LINT-2)
Warning: In design 'cardinal_node', net 'cpu_pc_out[6]' driven by pin 'u_cpu/pc_out[6]' has no loads. (LINT-2)
Warning: In design 'cardinal_node', net 'cpu_pc_out[5]' driven by pin 'u_cpu/pc_out[5]' has no loads. (LINT-2)
Warning: In design 'cardinal_node', net 'cpu_pc_out[4]' driven by pin 'u_cpu/pc_out[4]' has no loads. (LINT-2)
Warning: In design 'cardinal_node', net 'cpu_pc_out[3]' driven by pin 'u_cpu/pc_out[3]' has no loads. (LINT-2)
Warning: In design 'cardinal_node', net 'cpu_pc_out[2]' driven by pin 'u_cpu/pc_out[2]' has no loads. (LINT-2)
Warning: In design 'cardinal_node', net 'cpu_pc_out[1]' driven by pin 'u_cpu/pc_out[1]' has no loads. (LINT-2)
Warning: In design 'cardinal_node', net 'cpu_pc_out[0]' driven by pin 'u_cpu/pc_out[0]' has no loads. (LINT-2)
Warning: In design 'cardinal_node', net 'cpu_addr_out[23]' driven by pin 'u_cpu/addr_out[23]' has no loads. (LINT-2)
Warning: In design 'cardinal_node', net 'cpu_addr_out[22]' driven by pin 'u_cpu/addr_out[22]' has no loads. (LINT-2)
Warning: In design 'cardinal_node', net 'cpu_addr_out[21]' driven by pin 'u_cpu/addr_out[21]' has no loads. (LINT-2)
Warning: In design 'cardinal_node', net 'cpu_addr_out[20]' driven by pin 'u_cpu/addr_out[20]' has no loads. (LINT-2)
Warning: In design 'cardinal_node', net 'cpu_addr_out[19]' driven by pin 'u_cpu/addr_out[19]' has no loads. (LINT-2)
Warning: In design 'cardinal_node', net 'cpu_addr_out[18]' driven by pin 'u_cpu/addr_out[18]' has no loads. (LINT-2)
Warning: In design 'cardinal_node', net 'cpu_addr_out[17]' driven by pin 'u_cpu/addr_out[17]' has no loads. (LINT-2)
Warning: In design 'cardinal_node', net 'cpu_addr_out[16]' driven by pin 'u_cpu/addr_out[16]' has no loads. (LINT-2)
Warning: In design 'cardinal_node', net 'cpu_addr_out[15]' driven by pin 'u_cpu/addr_out[15]' has no loads. (LINT-2)
Warning: In design 'cardinal_node', net 'cpu_addr_out[14]' driven by pin 'u_cpu/addr_out[14]' has no loads. (LINT-2)
Warning: In design 'cardinal_node', net 'cpu_addr_out[13]' driven by pin 'u_cpu/addr_out[13]' has no loads. (LINT-2)
Warning: In design 'cardinal_node', net 'cpu_addr_out[12]' driven by pin 'u_cpu/addr_out[12]' has no loads. (LINT-2)
Warning: In design 'cardinal_node', net 'cpu_addr_out[11]' driven by pin 'u_cpu/addr_out[11]' has no loads. (LINT-2)
Warning: In design 'cardinal_node', net 'cpu_addr_out[10]' driven by pin 'u_cpu/addr_out[10]' has no loads. (LINT-2)
Warning: In design 'cardinal_node', net 'cpu_addr_out[9]' driven by pin 'u_cpu/addr_out[9]' has no loads. (LINT-2)
Warning: In design 'cardinal_node', net 'cpu_addr_out[8]' driven by pin 'u_cpu/addr_out[8]' has no loads. (LINT-2)
Warning: In design 'cardinal_node', net 'cpu_addr_out[7]' driven by pin 'u_cpu/addr_out[7]' has no loads. (LINT-2)
Warning: In design 'cardinal_node', net 'cpu_addr_out[6]' driven by pin 'u_cpu/addr_out[6]' has no loads. (LINT-2)
Warning: In design 'cardinal_node', net 'cpu_addr_out[5]' driven by pin 'u_cpu/addr_out[5]' has no loads. (LINT-2)
Warning: In design 'cardinal_node', net 'cpu_addr_out[4]' driven by pin 'u_cpu/addr_out[4]' has no loads. (LINT-2)
Warning: In design 'cardinal_node', net 'cpu_addr_out[3]' driven by pin 'u_cpu/addr_out[3]' has no loads. (LINT-2)
Warning: In design 'cardinal_node', net 'cpu_addr_out[2]' driven by pin 'u_cpu/addr_out[2]' has no loads. (LINT-2)
Warning: In design 'cardinal_node', net 'cpu_addr_out[1]' driven by pin 'u_cpu/addr_out[1]' has no loads. (LINT-2)
Warning: In design 'cardinal_node', net 'cpu_addr_out[0]' driven by pin 'u_cpu/addr_out[0]' has no loads. (LINT-2)
Warning: In design 'cardinal_node', net 'u_cpu/id_rB[4]' driven by pin 'u_cpu/ID_unit/rB[4]' has no loads. (LINT-2)
Warning: In design 'cardinal_node', net 'u_cpu/id_rB[3]' driven by pin 'u_cpu/ID_unit/rB[3]' has no loads. (LINT-2)
Warning: In design 'cardinal_node', net 'u_cpu/id_rB[2]' driven by pin 'u_cpu/ID_unit/rB[2]' has no loads. (LINT-2)
Warning: In design 'cardinal_node', net 'u_cpu/id_rB[1]' driven by pin 'u_cpu/ID_unit/rB[1]' has no loads. (LINT-2)
Warning: In design 'cardinal_node', net 'u_cpu/id_rB[0]' driven by pin 'u_cpu/ID_unit/rB[0]' has no loads. (LINT-2)
Warning: In design 'cardinal_node', net 'u_cpu/id_is_bneq' driven by pin 'u_cpu/ID_unit/is_bneq' has no loads. (LINT-2)
Warning: In design 'cardinal_node', net 'u_cpu/id_is_beq' driven by pin 'u_cpu/ID_unit/is_beq' has no loads. (LINT-2)
Warning: In design 'cardinal_node', net 'u_cpu/id_rA[4]' driven by pin 'u_cpu/ID_unit/rA[4]' has no loads. (LINT-2)
Warning: In design 'cardinal_node', net 'u_cpu/id_rA[3]' driven by pin 'u_cpu/ID_unit/rA[3]' has no loads. (LINT-2)
Warning: In design 'cardinal_node', net 'u_cpu/id_rA[2]' driven by pin 'u_cpu/ID_unit/rA[2]' has no loads. (LINT-2)
Warning: In design 'cardinal_node', net 'u_cpu/id_rA[1]' driven by pin 'u_cpu/ID_unit/rA[1]' has no loads. (LINT-2)
Warning: In design 'cardinal_node', net 'u_cpu/id_rA[0]' driven by pin 'u_cpu/ID_unit/rA[0]' has no loads. (LINT-2)
Warning: In design 'cardinal_node', net 'u_cpu/id_opcode[5]' driven by pin 'u_cpu/ID_unit/opcode[5]' has no loads. (LINT-2)
Warning: In design 'cardinal_node', net 'u_cpu/id_opcode[4]' driven by pin 'u_cpu/ID_unit/opcode[4]' has no loads. (LINT-2)
Warning: In design 'cardinal_node', net 'u_cpu/id_opcode[3]' driven by pin 'u_cpu/ID_unit/opcode[3]' has no loads. (LINT-2)
Warning: In design 'cardinal_node', net 'u_cpu/id_opcode[2]' driven by pin 'u_cpu/ID_unit/opcode[2]' has no loads. (LINT-2)
Warning: In design 'cardinal_node', net 'u_cpu/id_opcode[1]' driven by pin 'u_cpu/ID_unit/opcode[1]' has no loads. (LINT-2)
Warning: In design 'cardinal_node', net 'u_cpu/id_opcode[0]' driven by pin 'u_cpu/ID_unit/opcode[0]' has no loads. (LINT-2)
Warning: In design 'id_stage', port 'fwd_rB_data[0]' is not connected to any nets. (LINT-28)
Warning: In design 'id_stage', port 'fwd_rB_data[1]' is not connected to any nets. (LINT-28)
Warning: In design 'id_stage', port 'fwd_rB_data[2]' is not connected to any nets. (LINT-28)
Warning: In design 'id_stage', port 'fwd_rB_data[3]' is not connected to any nets. (LINT-28)
Warning: In design 'id_stage', port 'fwd_rB_data[4]' is not connected to any nets. (LINT-28)
Warning: In design 'id_stage', port 'fwd_rB_data[5]' is not connected to any nets. (LINT-28)
Warning: In design 'id_stage', port 'fwd_rB_data[6]' is not connected to any nets. (LINT-28)
Warning: In design 'id_stage', port 'fwd_rB_data[7]' is not connected to any nets. (LINT-28)
Warning: In design 'id_stage', port 'fwd_rB_data[8]' is not connected to any nets. (LINT-28)
Warning: In design 'id_stage', port 'fwd_rB_data[9]' is not connected to any nets. (LINT-28)
Warning: In design 'id_stage', port 'fwd_rB_data[10]' is not connected to any nets. (LINT-28)
Warning: In design 'id_stage', port 'fwd_rB_data[11]' is not connected to any nets. (LINT-28)
Warning: In design 'id_stage', port 'fwd_rB_data[12]' is not connected to any nets. (LINT-28)
Warning: In design 'id_stage', port 'fwd_rB_data[13]' is not connected to any nets. (LINT-28)
Warning: In design 'id_stage', port 'fwd_rB_data[14]' is not connected to any nets. (LINT-28)
Warning: In design 'id_stage', port 'fwd_rB_data[15]' is not connected to any nets. (LINT-28)
Warning: In design 'id_stage', port 'fwd_rB_data[16]' is not connected to any nets. (LINT-28)
Warning: In design 'id_stage', port 'fwd_rB_data[17]' is not connected to any nets. (LINT-28)
Warning: In design 'id_stage', port 'fwd_rB_data[18]' is not connected to any nets. (LINT-28)
Warning: In design 'id_stage', port 'fwd_rB_data[19]' is not connected to any nets. (LINT-28)
Warning: In design 'id_stage', port 'fwd_rB_data[20]' is not connected to any nets. (LINT-28)
Warning: In design 'id_stage', port 'fwd_rB_data[21]' is not connected to any nets. (LINT-28)
Warning: In design 'id_stage', port 'fwd_rB_data[22]' is not connected to any nets. (LINT-28)
Warning: In design 'id_stage', port 'fwd_rB_data[23]' is not connected to any nets. (LINT-28)
Warning: In design 'id_stage', port 'fwd_rB_data[24]' is not connected to any nets. (LINT-28)
Warning: In design 'id_stage', port 'fwd_rB_data[25]' is not connected to any nets. (LINT-28)
Warning: In design 'id_stage', port 'fwd_rB_data[26]' is not connected to any nets. (LINT-28)
Warning: In design 'id_stage', port 'fwd_rB_data[27]' is not connected to any nets. (LINT-28)
Warning: In design 'id_stage', port 'fwd_rB_data[28]' is not connected to any nets. (LINT-28)
Warning: In design 'id_stage', port 'fwd_rB_data[29]' is not connected to any nets. (LINT-28)
Warning: In design 'id_stage', port 'fwd_rB_data[30]' is not connected to any nets. (LINT-28)
Warning: In design 'id_stage', port 'fwd_rB_data[31]' is not connected to any nets. (LINT-28)
Warning: In design 'id_stage', port 'fwd_rB_data[32]' is not connected to any nets. (LINT-28)
Warning: In design 'id_stage', port 'fwd_rB_data[33]' is not connected to any nets. (LINT-28)
Warning: In design 'id_stage', port 'fwd_rB_data[34]' is not connected to any nets. (LINT-28)
Warning: In design 'id_stage', port 'fwd_rB_data[35]' is not connected to any nets. (LINT-28)
Warning: In design 'id_stage', port 'fwd_rB_data[36]' is not connected to any nets. (LINT-28)
Warning: In design 'id_stage', port 'fwd_rB_data[37]' is not connected to any nets. (LINT-28)
Warning: In design 'id_stage', port 'fwd_rB_data[38]' is not connected to any nets. (LINT-28)
Warning: In design 'id_stage', port 'fwd_rB_data[39]' is not connected to any nets. (LINT-28)
Warning: In design 'id_stage', port 'fwd_rB_data[40]' is not connected to any nets. (LINT-28)
Warning: In design 'id_stage', port 'fwd_rB_data[41]' is not connected to any nets. (LINT-28)
Warning: In design 'id_stage', port 'fwd_rB_data[42]' is not connected to any nets. (LINT-28)
Warning: In design 'id_stage', port 'fwd_rB_data[43]' is not connected to any nets. (LINT-28)
Warning: In design 'id_stage', port 'fwd_rB_data[44]' is not connected to any nets. (LINT-28)
Warning: In design 'id_stage', port 'fwd_rB_data[45]' is not connected to any nets. (LINT-28)
Warning: In design 'id_stage', port 'fwd_rB_data[46]' is not connected to any nets. (LINT-28)
Warning: In design 'id_stage', port 'fwd_rB_data[47]' is not connected to any nets. (LINT-28)
Warning: In design 'id_stage', port 'fwd_rB_data[48]' is not connected to any nets. (LINT-28)
Warning: In design 'id_stage', port 'fwd_rB_data[49]' is not connected to any nets. (LINT-28)
Warning: In design 'id_stage', port 'fwd_rB_data[50]' is not connected to any nets. (LINT-28)
Warning: In design 'id_stage', port 'fwd_rB_data[51]' is not connected to any nets. (LINT-28)
Warning: In design 'id_stage', port 'fwd_rB_data[52]' is not connected to any nets. (LINT-28)
Warning: In design 'id_stage', port 'fwd_rB_data[53]' is not connected to any nets. (LINT-28)
Warning: In design 'id_stage', port 'fwd_rB_data[54]' is not connected to any nets. (LINT-28)
Warning: In design 'id_stage', port 'fwd_rB_data[55]' is not connected to any nets. (LINT-28)
Warning: In design 'id_stage', port 'fwd_rB_data[56]' is not connected to any nets. (LINT-28)
Warning: In design 'id_stage', port 'fwd_rB_data[57]' is not connected to any nets. (LINT-28)
Warning: In design 'id_stage', port 'fwd_rB_data[58]' is not connected to any nets. (LINT-28)
Warning: In design 'id_stage', port 'fwd_rB_data[59]' is not connected to any nets. (LINT-28)
Warning: In design 'id_stage', port 'fwd_rB_data[60]' is not connected to any nets. (LINT-28)
Warning: In design 'id_stage', port 'fwd_rB_data[61]' is not connected to any nets. (LINT-28)
Warning: In design 'id_stage', port 'fwd_rB_data[62]' is not connected to any nets. (LINT-28)
Warning: In design 'id_stage', port 'fwd_rB_data[63]' is not connected to any nets. (LINT-28)
Warning: In design 'id_stage', input port 'inst[0]' is connected directly to output port 'opcode[0]'. (LINT-29)
Warning: In design 'id_stage', input port 'inst[1]' is connected directly to output port 'opcode[1]'. (LINT-29)
Warning: In design 'id_stage', input port 'inst[2]' is connected directly to output port 'opcode[2]'. (LINT-29)
Warning: In design 'id_stage', input port 'inst[3]' is connected directly to output port 'opcode[3]'. (LINT-29)
Warning: In design 'id_stage', input port 'inst[4]' is connected directly to output port 'opcode[4]'. (LINT-29)
Warning: In design 'id_stage', input port 'inst[5]' is connected directly to output port 'opcode[5]'. (LINT-29)
Warning: In design 'id_stage', input port 'inst[6]' is connected directly to output port 'rD[0]'. (LINT-29)
Warning: In design 'id_stage', input port 'inst[7]' is connected directly to output port 'rD[1]'. (LINT-29)
Warning: In design 'id_stage', input port 'inst[8]' is connected directly to output port 'rD[2]'. (LINT-29)
Warning: In design 'id_stage', input port 'inst[9]' is connected directly to output port 'rD[3]'. (LINT-29)
Warning: In design 'id_stage', input port 'inst[10]' is connected directly to output port 'rD[4]'. (LINT-29)
Warning: In design 'id_stage', input port 'inst[11]' is connected directly to output port 'rA[0]'. (LINT-29)
Warning: In design 'id_stage', input port 'inst[12]' is connected directly to output port 'rA[1]'. (LINT-29)
Warning: In design 'id_stage', input port 'inst[13]' is connected directly to output port 'rA[2]'. (LINT-29)
Warning: In design 'id_stage', input port 'inst[14]' is connected directly to output port 'rA[3]'. (LINT-29)
Warning: In design 'id_stage', input port 'inst[15]' is connected directly to output port 'rA[4]'. (LINT-29)
Warning: In design 'id_stage', input port 'inst[16]' is connected directly to output port 'branch_target[16]'. (LINT-29)
Warning: In design 'id_stage', input port 'inst[16]' is connected directly to output port 'rf_rdB_addr[0]'. (LINT-29)
Warning: In design 'id_stage', input port 'inst[16]' is connected directly to output port 'imm[0]'. (LINT-29)
Warning: In design 'id_stage', input port 'inst[16]' is connected directly to output port 'rB[0]'. (LINT-29)
Warning: In design 'id_stage', input port 'inst[17]' is connected directly to output port 'branch_target[17]'. (LINT-29)
Warning: In design 'id_stage', input port 'inst[17]' is connected directly to output port 'rf_rdB_addr[1]'. (LINT-29)
Warning: In design 'id_stage', input port 'inst[17]' is connected directly to output port 'imm[1]'. (LINT-29)
Warning: In design 'id_stage', input port 'inst[17]' is connected directly to output port 'rB[1]'. (LINT-29)
Warning: In design 'id_stage', input port 'inst[18]' is connected directly to output port 'branch_target[18]'. (LINT-29)
Warning: In design 'id_stage', input port 'inst[18]' is connected directly to output port 'rf_rdB_addr[2]'. (LINT-29)
Warning: In design 'id_stage', input port 'inst[18]' is connected directly to output port 'imm[2]'. (LINT-29)
Warning: In design 'id_stage', input port 'inst[18]' is connected directly to output port 'rB[2]'. (LINT-29)
Warning: In design 'id_stage', input port 'inst[19]' is connected directly to output port 'branch_target[19]'. (LINT-29)
Warning: In design 'id_stage', input port 'inst[19]' is connected directly to output port 'rf_rdB_addr[3]'. (LINT-29)
Warning: In design 'id_stage', input port 'inst[19]' is connected directly to output port 'imm[3]'. (LINT-29)
Warning: In design 'id_stage', input port 'inst[19]' is connected directly to output port 'rB[3]'. (LINT-29)
Warning: In design 'id_stage', input port 'inst[20]' is connected directly to output port 'branch_target[20]'. (LINT-29)
Warning: In design 'id_stage', input port 'inst[20]' is connected directly to output port 'rf_rdB_addr[4]'. (LINT-29)
Warning: In design 'id_stage', input port 'inst[20]' is connected directly to output port 'imm[4]'. (LINT-29)
Warning: In design 'id_stage', input port 'inst[20]' is connected directly to output port 'rB[4]'. (LINT-29)
Warning: In design 'id_stage', input port 'inst[21]' is connected directly to output port 'branch_target[21]'. (LINT-29)
Warning: In design 'id_stage', input port 'inst[21]' is connected directly to output port 'imm[5]'. (LINT-29)
Warning: In design 'id_stage', input port 'inst[22]' is connected directly to output port 'branch_target[22]'. (LINT-29)
Warning: In design 'id_stage', input port 'inst[22]' is connected directly to output port 'imm[6]'. (LINT-29)
Warning: In design 'id_stage', input port 'inst[23]' is connected directly to output port 'branch_target[23]'. (LINT-29)
Warning: In design 'id_stage', input port 'inst[23]' is connected directly to output port 'imm[7]'. (LINT-29)
Warning: In design 'id_stage', input port 'inst[24]' is connected directly to output port 'branch_target[24]'. (LINT-29)
Warning: In design 'id_stage', input port 'inst[24]' is connected directly to output port 'imm[8]'. (LINT-29)
Warning: In design 'id_stage', input port 'inst[24]' is connected directly to output port 'ww[0]'. (LINT-29)
Warning: In design 'id_stage', input port 'inst[25]' is connected directly to output port 'branch_target[25]'. (LINT-29)
Warning: In design 'id_stage', input port 'inst[25]' is connected directly to output port 'imm[9]'. (LINT-29)
Warning: In design 'id_stage', input port 'inst[25]' is connected directly to output port 'ww[1]'. (LINT-29)
Warning: In design 'id_stage', input port 'inst[26]' is connected directly to output port 'branch_target[26]'. (LINT-29)
Warning: In design 'id_stage', input port 'inst[26]' is connected directly to output port 'imm[10]'. (LINT-29)
Warning: In design 'id_stage', input port 'inst[26]' is connected directly to output port 'func[0]'. (LINT-29)
Warning: In design 'id_stage', input port 'inst[27]' is connected directly to output port 'branch_target[27]'. (LINT-29)
Warning: In design 'id_stage', input port 'inst[27]' is connected directly to output port 'imm[11]'. (LINT-29)
Warning: In design 'id_stage', input port 'inst[27]' is connected directly to output port 'func[1]'. (LINT-29)
Warning: In design 'id_stage', input port 'inst[28]' is connected directly to output port 'branch_target[28]'. (LINT-29)
Warning: In design 'id_stage', input port 'inst[28]' is connected directly to output port 'imm[12]'. (LINT-29)
Warning: In design 'id_stage', input port 'inst[28]' is connected directly to output port 'func[2]'. (LINT-29)
Warning: In design 'id_stage', input port 'inst[29]' is connected directly to output port 'branch_target[29]'. (LINT-29)
Warning: In design 'id_stage', input port 'inst[29]' is connected directly to output port 'imm[13]'. (LINT-29)
Warning: In design 'id_stage', input port 'inst[29]' is connected directly to output port 'func[3]'. (LINT-29)
Warning: In design 'id_stage', input port 'inst[30]' is connected directly to output port 'branch_target[30]'. (LINT-29)
Warning: In design 'id_stage', input port 'inst[30]' is connected directly to output port 'imm[14]'. (LINT-29)
Warning: In design 'id_stage', input port 'inst[30]' is connected directly to output port 'func[4]'. (LINT-29)
Warning: In design 'id_stage', input port 'inst[31]' is connected directly to output port 'branch_target[31]'. (LINT-29)
Warning: In design 'id_stage', input port 'inst[31]' is connected directly to output port 'imm[15]'. (LINT-29)
Warning: In design 'id_stage', input port 'inst[31]' is connected directly to output port 'func[5]'. (LINT-29)
Warning: In design 'ex_mem_stage', input port 'rA_data[0]' is connected directly to output port 'd_out[0]'. (LINT-29)
Warning: In design 'ex_mem_stage', input port 'rA_data[1]' is connected directly to output port 'd_out[1]'. (LINT-29)
Warning: In design 'ex_mem_stage', input port 'rA_data[2]' is connected directly to output port 'd_out[2]'. (LINT-29)
Warning: In design 'ex_mem_stage', input port 'rA_data[3]' is connected directly to output port 'd_out[3]'. (LINT-29)
Warning: In design 'ex_mem_stage', input port 'rA_data[4]' is connected directly to output port 'd_out[4]'. (LINT-29)
Warning: In design 'ex_mem_stage', input port 'rA_data[5]' is connected directly to output port 'd_out[5]'. (LINT-29)
Warning: In design 'ex_mem_stage', input port 'rA_data[6]' is connected directly to output port 'd_out[6]'. (LINT-29)
Warning: In design 'ex_mem_stage', input port 'rA_data[7]' is connected directly to output port 'd_out[7]'. (LINT-29)
Warning: In design 'ex_mem_stage', input port 'rA_data[8]' is connected directly to output port 'd_out[8]'. (LINT-29)
Warning: In design 'ex_mem_stage', input port 'rA_data[9]' is connected directly to output port 'd_out[9]'. (LINT-29)
Warning: In design 'ex_mem_stage', input port 'rA_data[10]' is connected directly to output port 'd_out[10]'. (LINT-29)
Warning: In design 'ex_mem_stage', input port 'rA_data[11]' is connected directly to output port 'd_out[11]'. (LINT-29)
Warning: In design 'ex_mem_stage', input port 'rA_data[12]' is connected directly to output port 'd_out[12]'. (LINT-29)
Warning: In design 'ex_mem_stage', input port 'rA_data[13]' is connected directly to output port 'd_out[13]'. (LINT-29)
Warning: In design 'ex_mem_stage', input port 'rA_data[14]' is connected directly to output port 'd_out[14]'. (LINT-29)
Warning: In design 'ex_mem_stage', input port 'rA_data[15]' is connected directly to output port 'd_out[15]'. (LINT-29)
Warning: In design 'ex_mem_stage', input port 'rA_data[16]' is connected directly to output port 'd_out[16]'. (LINT-29)
Warning: In design 'ex_mem_stage', input port 'rA_data[17]' is connected directly to output port 'd_out[17]'. (LINT-29)
Warning: In design 'ex_mem_stage', input port 'rA_data[18]' is connected directly to output port 'd_out[18]'. (LINT-29)
Warning: In design 'ex_mem_stage', input port 'rA_data[19]' is connected directly to output port 'd_out[19]'. (LINT-29)
Warning: In design 'ex_mem_stage', input port 'rA_data[20]' is connected directly to output port 'd_out[20]'. (LINT-29)
Warning: In design 'ex_mem_stage', input port 'rA_data[21]' is connected directly to output port 'd_out[21]'. (LINT-29)
Warning: In design 'ex_mem_stage', input port 'rA_data[22]' is connected directly to output port 'd_out[22]'. (LINT-29)
Warning: In design 'ex_mem_stage', input port 'rA_data[23]' is connected directly to output port 'd_out[23]'. (LINT-29)
Warning: In design 'ex_mem_stage', input port 'rA_data[24]' is connected directly to output port 'd_out[24]'. (LINT-29)
Warning: In design 'ex_mem_stage', input port 'rA_data[25]' is connected directly to output port 'd_out[25]'. (LINT-29)
Warning: In design 'ex_mem_stage', input port 'rA_data[26]' is connected directly to output port 'd_out[26]'. (LINT-29)
Warning: In design 'ex_mem_stage', input port 'rA_data[27]' is connected directly to output port 'd_out[27]'. (LINT-29)
Warning: In design 'ex_mem_stage', input port 'rA_data[28]' is connected directly to output port 'd_out[28]'. (LINT-29)
Warning: In design 'ex_mem_stage', input port 'rA_data[29]' is connected directly to output port 'd_out[29]'. (LINT-29)
Warning: In design 'ex_mem_stage', input port 'rA_data[30]' is connected directly to output port 'd_out[30]'. (LINT-29)
Warning: In design 'ex_mem_stage', input port 'rA_data[31]' is connected directly to output port 'd_out[31]'. (LINT-29)
Warning: In design 'ex_mem_stage', input port 'rA_data[32]' is connected directly to output port 'd_out[32]'. (LINT-29)
Warning: In design 'ex_mem_stage', input port 'rA_data[33]' is connected directly to output port 'd_out[33]'. (LINT-29)
Warning: In design 'ex_mem_stage', input port 'rA_data[34]' is connected directly to output port 'd_out[34]'. (LINT-29)
Warning: In design 'ex_mem_stage', input port 'rA_data[35]' is connected directly to output port 'd_out[35]'. (LINT-29)
Warning: In design 'ex_mem_stage', input port 'rA_data[36]' is connected directly to output port 'd_out[36]'. (LINT-29)
Warning: In design 'ex_mem_stage', input port 'rA_data[37]' is connected directly to output port 'd_out[37]'. (LINT-29)
Warning: In design 'ex_mem_stage', input port 'rA_data[38]' is connected directly to output port 'd_out[38]'. (LINT-29)
Warning: In design 'ex_mem_stage', input port 'rA_data[39]' is connected directly to output port 'd_out[39]'. (LINT-29)
Warning: In design 'ex_mem_stage', input port 'rA_data[40]' is connected directly to output port 'd_out[40]'. (LINT-29)
Warning: In design 'ex_mem_stage', input port 'rA_data[41]' is connected directly to output port 'd_out[41]'. (LINT-29)
Warning: In design 'ex_mem_stage', input port 'rA_data[42]' is connected directly to output port 'd_out[42]'. (LINT-29)
Warning: In design 'ex_mem_stage', input port 'rA_data[43]' is connected directly to output port 'd_out[43]'. (LINT-29)
Warning: In design 'ex_mem_stage', input port 'rA_data[44]' is connected directly to output port 'd_out[44]'. (LINT-29)
Warning: In design 'ex_mem_stage', input port 'rA_data[45]' is connected directly to output port 'd_out[45]'. (LINT-29)
Warning: In design 'ex_mem_stage', input port 'rA_data[46]' is connected directly to output port 'd_out[46]'. (LINT-29)
Warning: In design 'ex_mem_stage', input port 'rA_data[47]' is connected directly to output port 'd_out[47]'. (LINT-29)
Warning: In design 'ex_mem_stage', input port 'rA_data[48]' is connected directly to output port 'd_out[48]'. (LINT-29)
Warning: In design 'ex_mem_stage', input port 'rA_data[49]' is connected directly to output port 'd_out[49]'. (LINT-29)
Warning: In design 'ex_mem_stage', input port 'rA_data[50]' is connected directly to output port 'd_out[50]'. (LINT-29)
Warning: In design 'ex_mem_stage', input port 'rA_data[51]' is connected directly to output port 'd_out[51]'. (LINT-29)
Warning: In design 'ex_mem_stage', input port 'rA_data[52]' is connected directly to output port 'd_out[52]'. (LINT-29)
Warning: In design 'ex_mem_stage', input port 'rA_data[53]' is connected directly to output port 'd_out[53]'. (LINT-29)
Warning: In design 'ex_mem_stage', input port 'rA_data[54]' is connected directly to output port 'd_out[54]'. (LINT-29)
Warning: In design 'ex_mem_stage', input port 'rA_data[55]' is connected directly to output port 'd_out[55]'. (LINT-29)
Warning: In design 'ex_mem_stage', input port 'rA_data[56]' is connected directly to output port 'd_out[56]'. (LINT-29)
Warning: In design 'ex_mem_stage', input port 'rA_data[57]' is connected directly to output port 'd_out[57]'. (LINT-29)
Warning: In design 'ex_mem_stage', input port 'rA_data[58]' is connected directly to output port 'd_out[58]'. (LINT-29)
Warning: In design 'ex_mem_stage', input port 'rA_data[59]' is connected directly to output port 'd_out[59]'. (LINT-29)
Warning: In design 'ex_mem_stage', input port 'rA_data[60]' is connected directly to output port 'd_out[60]'. (LINT-29)
Warning: In design 'ex_mem_stage', input port 'rA_data[61]' is connected directly to output port 'd_out[61]'. (LINT-29)
Warning: In design 'ex_mem_stage', input port 'rA_data[62]' is connected directly to output port 'd_out[62]'. (LINT-29)
Warning: In design 'ex_mem_stage', input port 'rA_data[63]' is connected directly to output port 'd_out[63]'. (LINT-29)
Warning: In design 'ex_mem_stage', input port 'imm_addr[0]' is connected directly to output port 'addr_out[16]'. (LINT-29)
Warning: In design 'ex_mem_stage', input port 'imm_addr[1]' is connected directly to output port 'addr_out[17]'. (LINT-29)
Warning: In design 'ex_mem_stage', input port 'imm_addr[2]' is connected directly to output port 'addr_out[18]'. (LINT-29)
Warning: In design 'ex_mem_stage', input port 'imm_addr[3]' is connected directly to output port 'addr_out[19]'. (LINT-29)
Warning: In design 'ex_mem_stage', input port 'imm_addr[4]' is connected directly to output port 'addr_out[20]'. (LINT-29)
Warning: In design 'ex_mem_stage', input port 'imm_addr[5]' is connected directly to output port 'addr_out[21]'. (LINT-29)
Warning: In design 'ex_mem_stage', input port 'imm_addr[6]' is connected directly to output port 'addr_out[22]'. (LINT-29)
Warning: In design 'ex_mem_stage', input port 'imm_addr[7]' is connected directly to output port 'addr_out[23]'. (LINT-29)
Warning: In design 'ex_mem_stage', input port 'imm_addr[8]' is connected directly to output port 'addr_out[24]'. (LINT-29)
Warning: In design 'ex_mem_stage', input port 'imm_addr[9]' is connected directly to output port 'addr_out[25]'. (LINT-29)
Warning: In design 'ex_mem_stage', input port 'imm_addr[10]' is connected directly to output port 'addr_out[26]'. (LINT-29)
Warning: In design 'ex_mem_stage', input port 'imm_addr[11]' is connected directly to output port 'addr_out[27]'. (LINT-29)
Warning: In design 'ex_mem_stage', input port 'imm_addr[12]' is connected directly to output port 'addr_out[28]'. (LINT-29)
Warning: In design 'ex_mem_stage', input port 'imm_addr[13]' is connected directly to output port 'addr_out[29]'. (LINT-29)
Warning: In design 'ex_mem_stage', input port 'imm_addr[14]' is connected directly to output port 'addr_out[30]'. (LINT-29)
Warning: In design 'ex_mem_stage', input port 'imm_addr[15]' is connected directly to output port 'addr_out[31]'. (LINT-29)
Warning: In design 'id_stage', output port 'rB[0]' is connected directly to output port 'branch_target[16]'. (LINT-31)
Warning: In design 'id_stage', output port 'rB[0]' is connected directly to output port 'rf_rdB_addr[0]'. (LINT-31)
Warning: In design 'id_stage', output port 'rB[0]' is connected directly to output port 'imm[0]'. (LINT-31)
Warning: In design 'id_stage', output port 'rB[1]' is connected directly to output port 'branch_target[17]'. (LINT-31)
Warning: In design 'id_stage', output port 'rB[1]' is connected directly to output port 'rf_rdB_addr[1]'. (LINT-31)
Warning: In design 'id_stage', output port 'rB[1]' is connected directly to output port 'imm[1]'. (LINT-31)
Warning: In design 'id_stage', output port 'rB[2]' is connected directly to output port 'branch_target[18]'. (LINT-31)
Warning: In design 'id_stage', output port 'rB[2]' is connected directly to output port 'rf_rdB_addr[2]'. (LINT-31)
Warning: In design 'id_stage', output port 'rB[2]' is connected directly to output port 'imm[2]'. (LINT-31)
Warning: In design 'id_stage', output port 'rB[3]' is connected directly to output port 'branch_target[19]'. (LINT-31)
Warning: In design 'id_stage', output port 'rB[3]' is connected directly to output port 'rf_rdB_addr[3]'. (LINT-31)
Warning: In design 'id_stage', output port 'rB[3]' is connected directly to output port 'imm[3]'. (LINT-31)
Warning: In design 'id_stage', output port 'rB[4]' is connected directly to output port 'branch_target[20]'. (LINT-31)
Warning: In design 'id_stage', output port 'rB[4]' is connected directly to output port 'rf_rdB_addr[4]'. (LINT-31)
Warning: In design 'id_stage', output port 'rB[4]' is connected directly to output port 'imm[4]'. (LINT-31)
Warning: In design 'id_stage', output port 'ww[0]' is connected directly to output port 'branch_target[24]'. (LINT-31)
Warning: In design 'id_stage', output port 'ww[0]' is connected directly to output port 'imm[8]'. (LINT-31)
Warning: In design 'id_stage', output port 'ww[1]' is connected directly to output port 'branch_target[25]'. (LINT-31)
Warning: In design 'id_stage', output port 'ww[1]' is connected directly to output port 'imm[9]'. (LINT-31)
Warning: In design 'id_stage', output port 'func[0]' is connected directly to output port 'branch_target[26]'. (LINT-31)
Warning: In design 'id_stage', output port 'func[0]' is connected directly to output port 'imm[10]'. (LINT-31)
Warning: In design 'id_stage', output port 'func[1]' is connected directly to output port 'branch_target[27]'. (LINT-31)
Warning: In design 'id_stage', output port 'func[1]' is connected directly to output port 'imm[11]'. (LINT-31)
Warning: In design 'id_stage', output port 'func[2]' is connected directly to output port 'branch_target[28]'. (LINT-31)
Warning: In design 'id_stage', output port 'func[2]' is connected directly to output port 'imm[12]'. (LINT-31)
Warning: In design 'id_stage', output port 'func[3]' is connected directly to output port 'branch_target[29]'. (LINT-31)
Warning: In design 'id_stage', output port 'func[3]' is connected directly to output port 'imm[13]'. (LINT-31)
Warning: In design 'id_stage', output port 'func[4]' is connected directly to output port 'branch_target[30]'. (LINT-31)
Warning: In design 'id_stage', output port 'func[4]' is connected directly to output port 'imm[14]'. (LINT-31)
Warning: In design 'id_stage', output port 'func[5]' is connected directly to output port 'branch_target[31]'. (LINT-31)
Warning: In design 'id_stage', output port 'func[5]' is connected directly to output port 'imm[15]'. (LINT-31)
Warning: In design 'id_stage', output port 'imm[5]' is connected directly to output port 'branch_target[21]'. (LINT-31)
Warning: In design 'id_stage', output port 'imm[6]' is connected directly to output port 'branch_target[22]'. (LINT-31)
Warning: In design 'id_stage', output port 'imm[7]' is connected directly to output port 'branch_target[23]'. (LINT-31)
Warning: In design 'id_stage', output port 'is_store' is connected directly to output port 'mem_wr'. (LINT-31)
Warning: In design 'id_stage', output port 'branch_target[0]' is connected directly to output port 'branch_target[15]'. (LINT-31)
Warning: In design 'id_stage', output port 'branch_target[0]' is connected directly to output port 'branch_target[14]'. (LINT-31)
Warning: In design 'id_stage', output port 'branch_target[0]' is connected directly to output port 'branch_target[13]'. (LINT-31)
Warning: In design 'id_stage', output port 'branch_target[0]' is connected directly to output port 'branch_target[12]'. (LINT-31)
Warning: In design 'id_stage', output port 'branch_target[0]' is connected directly to output port 'branch_target[11]'. (LINT-31)
Warning: In design 'id_stage', output port 'branch_target[0]' is connected directly to output port 'branch_target[10]'. (LINT-31)
Warning: In design 'id_stage', output port 'branch_target[0]' is connected directly to output port 'branch_target[9]'. (LINT-31)
Warning: In design 'id_stage', output port 'branch_target[0]' is connected directly to output port 'branch_target[8]'. (LINT-31)
Warning: In design 'id_stage', output port 'branch_target[0]' is connected directly to output port 'branch_target[7]'. (LINT-31)
Warning: In design 'id_stage', output port 'branch_target[0]' is connected directly to output port 'branch_target[6]'. (LINT-31)
Warning: In design 'id_stage', output port 'branch_target[0]' is connected directly to output port 'branch_target[5]'. (LINT-31)
Warning: In design 'id_stage', output port 'branch_target[0]' is connected directly to output port 'branch_target[4]'. (LINT-31)
Warning: In design 'id_stage', output port 'branch_target[0]' is connected directly to output port 'branch_target[3]'. (LINT-31)
Warning: In design 'id_stage', output port 'branch_target[0]' is connected directly to output port 'branch_target[2]'. (LINT-31)
Warning: In design 'id_stage', output port 'branch_target[0]' is connected directly to output port 'branch_target[1]'. (LINT-31)
Warning: In design 'ex_mem_stage', output port 'addr_out[0]' is connected directly to output port 'addr_out[15]'. (LINT-31)
Warning: In design 'ex_mem_stage', output port 'addr_out[0]' is connected directly to output port 'addr_out[14]'. (LINT-31)
Warning: In design 'ex_mem_stage', output port 'addr_out[0]' is connected directly to output port 'addr_out[13]'. (LINT-31)
Warning: In design 'ex_mem_stage', output port 'addr_out[0]' is connected directly to output port 'addr_out[12]'. (LINT-31)
Warning: In design 'ex_mem_stage', output port 'addr_out[0]' is connected directly to output port 'addr_out[11]'. (LINT-31)
Warning: In design 'ex_mem_stage', output port 'addr_out[0]' is connected directly to output port 'addr_out[10]'. (LINT-31)
Warning: In design 'ex_mem_stage', output port 'addr_out[0]' is connected directly to output port 'addr_out[9]'. (LINT-31)
Warning: In design 'ex_mem_stage', output port 'addr_out[0]' is connected directly to output port 'addr_out[8]'. (LINT-31)
Warning: In design 'ex_mem_stage', output port 'addr_out[0]' is connected directly to output port 'addr_out[7]'. (LINT-31)
Warning: In design 'ex_mem_stage', output port 'addr_out[0]' is connected directly to output port 'addr_out[6]'. (LINT-31)
Warning: In design 'ex_mem_stage', output port 'addr_out[0]' is connected directly to output port 'addr_out[5]'. (LINT-31)
Warning: In design 'ex_mem_stage', output port 'addr_out[0]' is connected directly to output port 'addr_out[4]'. (LINT-31)
Warning: In design 'ex_mem_stage', output port 'addr_out[0]' is connected directly to output port 'addr_out[3]'. (LINT-31)
Warning: In design 'ex_mem_stage', output port 'addr_out[0]' is connected directly to output port 'addr_out[2]'. (LINT-31)
Warning: In design 'ex_mem_stage', output port 'addr_out[0]' is connected directly to output port 'addr_out[1]'. (LINT-31)
Warning: In design 'id_stage', output port 'branch_target[0]' is connected directly to 'logic 0'. (LINT-52)
Warning: In design 'id_stage', output port 'branch_target[1]' is connected directly to 'logic 0'. (LINT-52)
Warning: In design 'id_stage', output port 'branch_target[2]' is connected directly to 'logic 0'. (LINT-52)
Warning: In design 'id_stage', output port 'branch_target[3]' is connected directly to 'logic 0'. (LINT-52)
Warning: In design 'id_stage', output port 'branch_target[4]' is connected directly to 'logic 0'. (LINT-52)
Warning: In design 'id_stage', output port 'branch_target[5]' is connected directly to 'logic 0'. (LINT-52)
Warning: In design 'id_stage', output port 'branch_target[6]' is connected directly to 'logic 0'. (LINT-52)
Warning: In design 'id_stage', output port 'branch_target[7]' is connected directly to 'logic 0'. (LINT-52)
Warning: In design 'id_stage', output port 'branch_target[8]' is connected directly to 'logic 0'. (LINT-52)
Warning: In design 'id_stage', output port 'branch_target[9]' is connected directly to 'logic 0'. (LINT-52)
Warning: In design 'id_stage', output port 'branch_target[10]' is connected directly to 'logic 0'. (LINT-52)
Warning: In design 'id_stage', output port 'branch_target[11]' is connected directly to 'logic 0'. (LINT-52)
Warning: In design 'id_stage', output port 'branch_target[12]' is connected directly to 'logic 0'. (LINT-52)
Warning: In design 'id_stage', output port 'branch_target[13]' is connected directly to 'logic 0'. (LINT-52)
Warning: In design 'id_stage', output port 'branch_target[14]' is connected directly to 'logic 0'. (LINT-52)
Warning: In design 'id_stage', output port 'branch_target[15]' is connected directly to 'logic 0'. (LINT-52)
Warning: In design 'ex_mem_stage', output port 'addr_out[0]' is connected directly to 'logic 0'. (LINT-52)
Warning: In design 'ex_mem_stage', output port 'addr_out[1]' is connected directly to 'logic 0'. (LINT-52)
Warning: In design 'ex_mem_stage', output port 'addr_out[2]' is connected directly to 'logic 0'. (LINT-52)
Warning: In design 'ex_mem_stage', output port 'addr_out[3]' is connected directly to 'logic 0'. (LINT-52)
Warning: In design 'ex_mem_stage', output port 'addr_out[4]' is connected directly to 'logic 0'. (LINT-52)
Warning: In design 'ex_mem_stage', output port 'addr_out[5]' is connected directly to 'logic 0'. (LINT-52)
Warning: In design 'ex_mem_stage', output port 'addr_out[6]' is connected directly to 'logic 0'. (LINT-52)
Warning: In design 'ex_mem_stage', output port 'addr_out[7]' is connected directly to 'logic 0'. (LINT-52)
Warning: In design 'ex_mem_stage', output port 'addr_out[8]' is connected directly to 'logic 0'. (LINT-52)
Warning: In design 'ex_mem_stage', output port 'addr_out[9]' is connected directly to 'logic 0'. (LINT-52)
Warning: In design 'ex_mem_stage', output port 'addr_out[10]' is connected directly to 'logic 0'. (LINT-52)
Warning: In design 'ex_mem_stage', output port 'addr_out[11]' is connected directly to 'logic 0'. (LINT-52)
Warning: In design 'ex_mem_stage', output port 'addr_out[12]' is connected directly to 'logic 0'. (LINT-52)
Warning: In design 'ex_mem_stage', output port 'addr_out[13]' is connected directly to 'logic 0'. (LINT-52)
Warning: In design 'ex_mem_stage', output port 'addr_out[14]' is connected directly to 'logic 0'. (LINT-52)
Warning: In design 'ex_mem_stage', output port 'addr_out[15]' is connected directly to 'logic 0'. (LINT-52)
Information: Design 'imem' does not contain any cells or nets. (LINT-55)
Information: Design 'dmem' does not contain any cells or nets. (LINT-55)
1
